[2025-11-07 19:28:44] === Debian 13 (Trixie) Setup with UNISOC Hardware & Mesa GPU Support ===
[2025-11-07 19:28:44] Process ID: 3526
[2025-11-07 19:28:44] === Checking root access ===
[2025-11-07 19:28:44] ✓ Running as root (UID: 0)
[2025-11-07 19:28:44] === Setting up working directory ===
[2025-11-07 19:28:44] ✓ Working directory ready
[2025-11-07 19:28:44] === Verifying helper scripts ===
[2025-11-07 19:28:44] ✓ Found: setup-unisoc-hardware.sh
[2025-11-07 19:28:44] ✓ Found: install-unisoc-service.sh
[2025-11-07 19:28:44] ✓ Found: dev-nodes.sh
[2025-11-07 19:28:44] ✓ Found: install_packages.sh
[2025-11-07 19:28:44] ✓ Helper script verification complete
[2025-11-07 19:28:44] === Mounting linuxdata partition ===
[2025-11-07 19:28:44] ✓ Already mounted
[2025-11-07 19:28:44] EXECUTING: df -h '/data/linuxdata'
Filesystem            Size  Used Avail Use% Mounted on
/dev/block/mmcblk0p77  54G   52M   54G   1% /data/linuxdata
[2025-11-07 19:28:44] SUCCESS
[2025-11-07 19:28:44] === Setting up Debian chroot environment ===
[2025-11-07 19:28:44] Debian will be installed to: /data/linuxdata/debian-chroot
[2025-11-07 19:28:45] === Installing Debian 13 (Trixie) rootfs ===
[2025-11-07 19:28:45] Downloading rootfs (~35MB, 1-5 min)...
Connecting to github.com (140.82.113.4:443)
wget: note: TLS certificate validation not implemented
Connecting to release-assets.githubusercontent.com (185.199.110.133:443)
saving to '/data/local/tmp/debian-trixie-aarch64.tar.xz'
debian-trixie-aarch6  33% |**********                      | 11.4M  0:00:01 ETA
debian-trixie-aarch6  85% |***************************     | 28.9M  0:00:00 ETA
debian-trixie-aarch6 100% |********************************| 33.7M  0:00:00 ETA
'/data/local/tmp/debian-trixie-aarch64.tar.xz' saved
[2025-11-07 19:28:48] ✓ Downloaded (34M)
[2025-11-07 19:28:48] Extracting rootfs (2-5 min)...
[2025-11-07 19:28:53] ✓ Extracted to temp
[2025-11-07 19:28:55] ✓ Moved files to chroot
[2025-11-07 19:28:55] ✓ Cleanup complete
[2025-11-07 19:28:55] ✓ Debian verified (178M)
[2025-11-07 19:28:55] Setting up bind mounts...
[2025-11-07 19:28:55] ✓ Bind mounts ready
[2025-11-07 19:28:55] === Setting up chroot environment ===
[2025-11-07 19:28:56] ✓ Environment configured
[2025-11-07 19:28:56] === Bind-mounting Android partitions ===
[2025-11-07 19:28:56] ✓ Mounted /system
[2025-11-07 19:28:56] ✓ Mounted /system_ext
[2025-11-07 19:28:56] ✓ Mounted /vendor
[2025-11-07 19:28:56] ✓ Mounted /product
[2025-11-07 19:28:56] === Configuring DNS ===
[2025-11-07 19:28:56] ✓ DNS configured (1.1.1.1, 8.8.8.8)
[2025-11-07 19:28:56] === Making /data writable from chroot ===
[2025-11-07 19:28:56] ✓ Bind-mounted /data to chroot
[2025-11-07 19:28:56] ✓ Debian installation complete
[2025-11-07 19:28:56] === Installing comprehensive hardware support packages ===
[2025-11-07 19:28:56] Configuring apt sources...
[2025-11-07 19:28:56] ✓ Configured apt sources
[2025-11-07 19:28:57] Transferring install_packages.sh to Debian /root...
[2025-11-07 19:28:57] ✓ Script transferred
[2025-11-07 19:28:57] Updating package lists...
Get:1 http://security.debian.org/debian-security trixie-security InRelease [43.4 kB]
Get:2 http://deb.debian.org/debian trixie InRelease [140 kB]
Get:3 http://deb.debian.org/debian trixie-updates InRelease [47.3 kB]
Get:4 http://security.debian.org/debian-security trixie-security/main arm64 Packages [69.9 kB]
Get:5 http://deb.debian.org/debian trixie/main arm64 Packages [9605 kB]
Get:6 http://security.debian.org/debian-security trixie-security/main Translation-en [45.2 kB]
Get:7 http://security.debian.org/debian-security trixie-security/non-free-firmware Translation-en [352 B]
Get:8 http://deb.debian.org/debian trixie/main Translation-en [6484 kB]
Get:9 http://deb.debian.org/debian trixie/contrib arm64 Packages [48.3 kB]
Get:10 http://deb.debian.org/debian trixie/contrib Translation-en [49.6 kB]
Get:11 http://deb.debian.org/debian trixie/non-free arm64 Packages [74.4 kB]
Get:12 http://deb.debian.org/debian trixie/non-free Translation-en [67.1 kB]
Get:13 http://deb.debian.org/debian trixie/non-free-firmware arm64 Packages [6476 B]
Get:14 http://deb.debian.org/debian trixie/non-free-firmware Translation-en [4704 B]
Get:15 http://deb.debian.org/debian trixie-updates/main arm64 Packages [5404 B]
Get:16 http://deb.debian.org/debian trixie-updates/main Translation-en [4096 B]
Fetched 16.7 MB in 3s (5129 kB/s)
Reading package lists...
[2025-11-07 19:29:02] ✓ Package lists updated
[2025-11-07 19:29:02] Executing package installation (10-30 minutes)...
[2025-11-07 19:29:02] Monitor: tail -f /storage/3454-7DC4/debian_setup.log
2025-11-08 00:29:02 - === Updating package database ===
2025-11-08 00:29:08 - === Installing Extra tools support ===
2025-11-08 00:29:08 - Installing: android-tools-adb
2025-11-08 00:29:11 -   ✓ SUCCESS: android-tools-adb
2025-11-08 00:29:11 - Installing: android-tools-fastboot
2025-11-08 00:29:14 -   ✓ SUCCESS: android-tools-fastboot
2025-11-08 00:29:14 - Installing: rng-tools
2025-11-08 00:29:21 -   ✓ SUCCESS: rng-tools
2025-11-08 00:29:21 - Installing: libcommons-daemon-java
2025-11-08 00:29:36 -   ✓ SUCCESS: libcommons-daemon-java
2025-11-08 00:29:36 - Installing: libcap2
2025-11-08 00:29:38 -   ✓ SUCCESS: libcap2
2025-11-08 00:29:38 - Installing: libcap2-bin
2025-11-08 00:29:40 -   ✓ SUCCESS: libcap2-bin
2025-11-08 00:29:40 - Installing: grep
2025-11-08 00:29:42 -   ✓ SUCCESS: grep
2025-11-08 00:29:42 - Installing: kmod
2025-11-08 00:29:45 -   ✓ SUCCESS: kmod
2025-11-08 00:29:45 - Installing: cron
2025-11-08 00:29:53 -   ✓ SUCCESS: cron
2025-11-08 00:29:53 - Installing: kbd
2025-11-08 00:30:01 -   ✓ SUCCESS: kbd
2025-11-08 00:30:01 - Installing: libssl3
2025-11-08 00:30:03 -   ✓ SUCCESS: libssl3
2025-11-08 00:30:03 - Installing: cryptsetup
2025-11-08 00:30:06 -   ✓ SUCCESS: cryptsetup
2025-11-08 00:30:06 - Installing: acl
2025-11-08 00:30:09 -   ✓ SUCCESS: acl
2025-11-08 00:30:09 - Installing: attr
2025-11-08 00:30:12 -   ✓ SUCCESS: attr
2025-11-08 00:30:12 - Installing: libmount1
2025-11-08 00:30:14 -   ✓ SUCCESS: libmount1
2025-11-08 00:30:14 - Installing: libpcre2-8-0
2025-11-08 00:30:15 -   ✓ SUCCESS: libpcre2-8-0
2025-11-08 00:30:15 - Installing: openssl
2025-11-08 00:30:17 -   ✓ SUCCESS: openssl
2025-11-08 00:30:17 - Installing: libblkid1
2025-11-08 00:30:19 -   ✓ SUCCESS: libblkid1
2025-11-08 00:30:19 - Installing: wine
2025-11-08 00:31:09 -   ✓ SUCCESS: wine
2025-11-08 00:31:09 - Installing: steam-devices
2025-11-08 00:31:12 -   ✓ SUCCESS: steam-devices
2025-11-08 00:31:12 - Installing: libglvnd-dev
2025-11-08 00:31:17 -   ✓ SUCCESS: libglvnd-dev
2025-11-08 00:31:17 - Installing: libxkbcommon-dev
2025-11-08 00:31:19 -   ✓ SUCCESS: libxkbcommon-dev
2025-11-08 00:31:19 - Installing: meson
2025-11-08 00:31:50 -   ✓ SUCCESS: meson
2025-11-08 00:31:50 - Installing: cmake
2025-11-08 00:31:55 -   ✓ SUCCESS: cmake
2025-11-08 00:31:55 - Installing: libvulkan-dev
2025-11-08 00:31:58 -   ✓ SUCCESS: libvulkan-dev
2025-11-08 00:31:58 - Installing: libglm-dev
2025-11-08 00:32:01 -   ✓ SUCCESS: libglm-dev
2025-11-08 00:32:01 - Installing: libpango1.0-dev
2025-11-08 00:32:14 -   ✓ SUCCESS: libpango1.0-dev
2025-11-08 00:32:14 - Installing: libcairo2-dev
2025-11-08 00:32:15 -   ✓ SUCCESS: libcairo2-dev
2025-11-08 00:32:15 - Installing: libxml2-dev
2025-11-08 00:32:18 -   ✓ SUCCESS: libxml2-dev
2025-11-08 00:32:18 - Installing: gcc
2025-11-08 00:32:20 -   ✓ SUCCESS: gcc
2025-11-08 00:32:20 - Installing: g++
2025-11-08 00:32:22 -   ✓ SUCCESS: g++
2025-11-08 00:32:22 - Installing: extrepo
2025-11-08 00:32:28 -   ✓ SUCCESS: extrepo
2025-11-08 00:32:28 - Installing: libselinux1
2025-11-08 00:32:30 -   ✓ SUCCESS: libselinux1
2025-11-08 00:32:30 - Installing: strace
2025-11-08 00:32:33 -   ✓ SUCCESS: strace
2025-11-08 00:32:33 - Note: mdevd and mdev-conf not needed on Debian (uses udev)
2025-11-08 00:32:33 - === Installing Development Tools and Build Dependencies ===
2025-11-08 00:32:33 - Installing: build-essential
2025-11-08 00:32:34 -   ✓ SUCCESS: build-essential
2025-11-08 00:32:34 - Installing: gcc
2025-11-08 00:32:36 -   ✓ SUCCESS: gcc
2025-11-08 00:32:36 - Installing: g++
2025-11-08 00:32:38 -   ✓ SUCCESS: g++
2025-11-08 00:32:38 - Installing: make
2025-11-08 00:32:39 -   ✓ SUCCESS: make
2025-11-08 00:32:39 - Installing: cmake
2025-11-08 00:32:41 -   ✓ SUCCESS: cmake
2025-11-08 00:32:41 - Installing: libc6-dev
2025-11-08 00:32:43 -   ✓ SUCCESS: libc6-dev
2025-11-08 00:32:43 - Note: Debian uses glibc (libc6-dev) instead of musl
2025-11-08 00:32:43 - Detected architecture: arm64
2025-11-08 00:32:43 - Installing: linux-headers-arm64
2025-11-08 00:33:48 -   ✓ SUCCESS: linux-headers-arm64
2025-11-08 00:33:48 - Installing: opencl-headers
2025-11-08 00:33:51 -   ✓ SUCCESS: opencl-headers
2025-11-08 00:33:51 - === Installing Core System Packages ===
2025-11-08 00:33:51 - Installing: udev
2025-11-08 00:33:53 -   ✓ SUCCESS: udev
2025-11-08 00:33:53 - Installing: libudev1
2025-11-08 00:33:54 -   ✓ SUCCESS: libudev1
2025-11-08 00:33:54 - Installing: util-linux
2025-11-08 00:33:56 -   ✓ SUCCESS: util-linux
2025-11-08 00:33:56 - Installing: coreutils
2025-11-08 00:33:57 -   ✓ SUCCESS: coreutils
2025-11-08 00:33:57 - Installing: parted
2025-11-08 00:34:01 -   ✓ SUCCESS: parted
2025-11-08 00:34:01 - Installing: gdisk
2025-11-08 00:34:04 -   ✓ SUCCESS: gdisk
2025-11-08 00:34:04 - Installing: mmc-utils
2025-11-08 00:34:07 -   ✓ SUCCESS: mmc-utils
2025-11-08 00:34:07 - Note: busybox-extras not needed on Debian (uses full GNU utilities)
2025-11-08 00:34:07 - === Installing Serial Communication Packages ===
2025-11-08 00:34:07 - Installing: setserial
2025-11-08 00:34:11 -   ✓ SUCCESS: setserial
2025-11-08 00:34:11 - Installing: minicom
2025-11-08 00:34:14 -   ✓ SUCCESS: minicom
2025-11-08 00:34:14 - Installing: screen
2025-11-08 00:34:17 -   ✓ SUCCESS: screen
2025-11-08 00:34:17 - Installing: socat
2025-11-08 00:34:20 -   ✓ SUCCESS: socat
2025-11-08 00:34:20 - Note: agetty is included in util-linux (already installed)
2025-11-08 00:34:20 - === Installing USB Support Packages ===
2025-11-08 00:34:20 - Installing: usbutils
2025-11-08 00:34:23 -   ✓ SUCCESS: usbutils
2025-11-08 00:34:23 - Installing: libusb-1.0-0
2025-11-08 00:34:25 -   ✓ SUCCESS: libusb-1.0-0
2025-11-08 00:34:25 - Installing: libusb-1.0-0-dev
2025-11-08 00:34:28 -   ✓ SUCCESS: libusb-1.0-0-dev
2025-11-08 00:34:28 - Installing: usb-modeswitch
2025-11-08 00:34:31 -   ✓ SUCCESS: usb-modeswitch
2025-11-08 00:34:31 - Installing: usb-modeswitch-data
2025-11-08 00:34:32 -   ✓ SUCCESS: usb-modeswitch-data
2025-11-08 00:34:32 - Installing: udisks2
2025-11-08 00:35:02 -   ✓ SUCCESS: udisks2
2025-11-08 00:35:02 - Installing: libudisks2-dev
2025-11-08 00:35:05 -   ✓ SUCCESS: libudisks2-dev
2025-11-08 00:35:05 - === Installing Audio Support Packages ===
2025-11-08 00:35:05 - Installing: alsa-utils
2025-11-08 00:35:09 -   ✓ SUCCESS: alsa-utils
2025-11-08 00:35:09 - Installing: libasound2
2025-11-08 00:35:11 -   ✓ SUCCESS: libasound2
2025-11-08 00:35:11 - Installing: libasound2-dev
2025-11-08 00:35:14 -   ✓ SUCCESS: libasound2-dev
2025-11-08 00:35:14 - Installing: alsa-ucm-conf
2025-11-08 00:35:15 -   ✓ SUCCESS: alsa-ucm-conf
2025-11-08 00:35:15 - Installing: pulseaudio
2025-11-08 00:35:20 -   ✓ SUCCESS: pulseaudio
2025-11-08 00:35:20 - Installing: pipewire
2025-11-08 00:35:28 -   ✓ SUCCESS: pipewire
2025-11-08 00:35:28 - Installing: pipewire-alsa
2025-11-08 00:35:32 -   ✓ SUCCESS: pipewire-alsa
2025-11-08 00:35:32 - Installing: pipewire-pulse
2025-11-08 00:35:33 -   ✓ SUCCESS: pipewire-pulse
2025-11-08 00:35:33 - Installing: libasound2-plugins
2025-11-08 00:35:35 -   ✓ SUCCESS: libasound2-plugins
2025-11-08 00:35:35 - Installing: pavucontrol
2025-11-08 00:35:42 -   ✓ SUCCESS: pavucontrol
2025-11-08 00:35:42 - Installing: jackd2
2025-11-08 00:35:54 -   ✓ SUCCESS: jackd2
2025-11-08 00:35:54 - === Installing Video Support Packages ===
2025-11-08 00:35:54 - Installing: v4l-utils
2025-11-08 00:35:57 -   ✓ SUCCESS: v4l-utils
2025-11-08 00:35:57 - Installing: libv4l-dev
2025-11-08 00:36:01 -   ✓ SUCCESS: libv4l-dev
2025-11-08 00:36:01 - Installing: libv4l-0
2025-11-08 00:36:02 -   ✓ SUCCESS: libv4l-0
2025-11-08 00:36:02 - Installing: ffmpeg
2025-11-08 00:36:13 -   ✓ SUCCESS: ffmpeg
2025-11-08 00:36:14 - Installing: libavcodec59
2025-11-08 00:36:14 -   ⚠ FAILED/SKIPPED: libavcodec59
2025-11-08 00:36:14 - Installing: libavformat59
2025-11-08 00:36:15 -   ⚠ FAILED/SKIPPED: libavformat59
2025-11-08 00:36:15 - Installing: libjpeg62-turbo
2025-11-08 00:36:16 -   ✓ SUCCESS: libjpeg62-turbo
2025-11-08 00:36:16 - Installing: libvpx7
2025-11-08 00:36:17 -   ⚠ FAILED/SKIPPED: libvpx7
2025-11-08 00:36:17 - === Installing Graphics Support Packages ===
2025-11-08 00:36:17 - Installing: libdrm2
2025-11-08 00:36:18 -   ✓ SUCCESS: libdrm2
2025-11-08 00:36:18 - Installing: libdrm-dev
2025-11-08 00:36:22 -   ✓ SUCCESS: libdrm-dev
2025-11-08 00:36:22 - Installing: libdrm-tests
2025-11-08 00:36:25 -   ✓ SUCCESS: libdrm-tests
2025-11-08 00:36:25 - Installing: mesa-utils
2025-11-08 00:36:28 -   ✓ SUCCESS: mesa-utils
2025-11-08 00:36:28 - Installing: libglx-mesa0
2025-11-08 00:36:30 -   ✓ SUCCESS: libglx-mesa0
2025-11-08 00:36:30 - Installing: libgl1-mesa-dev
2025-11-08 00:36:33 -   ✓ SUCCESS: libgl1-mesa-dev
2025-11-08 00:36:33 - Installing: libgl1-mesa-dri
2025-11-08 00:36:35 -   ✓ SUCCESS: libgl1-mesa-dri
2025-11-08 00:36:35 - Installing: libgl1
2025-11-08 00:36:36 -   ✓ SUCCESS: libgl1
2025-11-08 00:36:36 - Installing: libgles2-mesa
2025-11-08 00:36:37 -   ⚠ FAILED/SKIPPED: libgles2-mesa
2025-11-08 00:36:37 - Installing: libegl1-mesa
2025-11-08 00:36:37 -   ⚠ FAILED/SKIPPED: libegl1-mesa
2025-11-08 00:36:37 - Installing: libgbm1
2025-11-08 00:36:39 -   ✓ SUCCESS: libgbm1
2025-11-08 00:36:39 - Installing: mesa-utils-extra
2025-11-08 00:36:41 -   ✓ SUCCESS: mesa-utils-extra
2025-11-08 00:36:41 - Installing: kmscube
2025-11-08 00:36:44 -   ✓ SUCCESS: kmscube
2025-11-08 00:36:44 - Installing: libgbm-dev
2025-11-08 00:36:47 -   ✓ SUCCESS: libgbm-dev
2025-11-08 00:36:47 - Installing: libegl1-mesa-dev
2025-11-08 00:36:49 -   ✓ SUCCESS: libegl1-mesa-dev
2025-11-08 00:36:49 - Installing: libgles2-mesa-dev
2025-11-08 00:36:52 -   ✓ SUCCESS: libgles2-mesa-dev
2025-11-08 00:36:52 - Installing: mesa-vulkan-drivers
2025-11-08 00:36:54 -   ✓ SUCCESS: mesa-vulkan-drivers
2025-11-08 00:36:54 - Installing: mesa-vdpau-drivers
2025-11-08 00:36:56 -   ✓ SUCCESS: mesa-vdpau-drivers
2025-11-08 00:36:56 - Installing: drm-info
2025-11-08 00:36:59 -   ✓ SUCCESS: drm-info
2025-11-08 00:36:59 - Installing: libvirglrenderer-dev
2025-11-08 00:37:03 -   ✓ SUCCESS: libvirglrenderer-dev
2025-11-08 00:37:03 - Installing: libvirglrenderer1
2025-11-08 00:37:04 -   ✓ SUCCESS: libvirglrenderer1
2025-11-08 00:37:04 - === Installing Vulkan Support ===
2025-11-08 00:37:04 - Installing: vulkan-validationlayers
2025-11-08 00:37:08 -   ✓ SUCCESS: vulkan-validationlayers
2025-11-08 00:37:08 - Installing: libvulkan1
2025-11-08 00:37:10 -   ✓ SUCCESS: libvulkan1
2025-11-08 00:37:10 - Installing: vulkan-tools
2025-11-08 00:37:13 -   ✓ SUCCESS: vulkan-tools
2025-11-08 00:37:13 - === Installing Openbox ===
2025-11-08 00:37:13 - Installing: openbox
2025-11-08 00:37:25 -   ✓ SUCCESS: openbox
2025-11-08 00:37:25 - === Installing LightDM ===
2025-11-08 00:37:25 - Installing: lightdm
2025-11-08 00:38:24 -   ✓ SUCCESS: lightdm
2025-11-08 00:38:24 - Installing: libwayland-client0
2025-11-08 00:38:25 -   ✓ SUCCESS: libwayland-client0
2025-11-08 00:38:25 - Installing: libwayland-server0
2025-11-08 00:38:27 -   ✓ SUCCESS: libwayland-server0
2025-11-08 00:38:27 - Installing: cage
2025-11-08 00:38:31 -   ✓ SUCCESS: cage
2025-11-08 00:38:31 - Installing: greetd
2025-11-08 00:38:35 -   ✓ SUCCESS: greetd
2025-11-08 00:38:35 - Installing: wlgreet
2025-11-08 00:38:40 -   ✓ SUCCESS: wlgreet
2025-11-08 00:38:40 - Installing: libwayland-dev
2025-11-08 00:38:43 -   ✓ SUCCESS: libwayland-dev
2025-11-08 00:38:43 - Installing: wayland-utils
2025-11-08 00:38:46 -   ✓ SUCCESS: wayland-utils
2025-11-08 00:38:46 - Installing: wayland-protocols
2025-11-08 00:38:49 -   ✓ SUCCESS: wayland-protocols
2025-11-08 00:38:49 - Installing: libweston-14-0
2025-11-08 00:38:53 -   ✓ SUCCESS: libweston-14-0
2025-11-08 00:38:53 - Installing: libweston-14-dev
2025-11-08 00:38:56 -   ✓ SUCCESS: libweston-14-dev
2025-11-08 00:38:56 - Installing: imv
2025-11-08 00:39:00 -   ✓ SUCCESS: imv
2025-11-08 00:39:00 - Installing: wl-clipboard
2025-11-08 00:39:04 -   ✓ SUCCESS: wl-clipboard
2025-11-08 00:39:04 - === Installing Weston ===
2025-11-08 00:39:04 - Installing: weston
2025-11-08 00:39:07 -   ✓ SUCCESS: weston
2025-11-08 00:39:07 - Installing: seatd
2025-11-08 00:39:11 -   ✓ SUCCESS: seatd
2025-11-08 00:39:11 - Installing: fonts-dejavu
2025-11-08 00:39:14 -   ✓ SUCCESS: fonts-dejavu
2025-11-08 00:39:14 - === Installing Wayfire ===
2025-11-08 00:39:14 - Installing: wayfire
2025-11-08 00:39:18 -   ✓ SUCCESS: wayfire
2025-11-08 00:39:18 - Installing: wayfire-dev
2025-11-08 00:39:25 -   ✓ SUCCESS: wayfire-dev
2025-11-08 00:39:25 - === Installing wlroots ===
2025-11-08 00:39:25 - Installing: xorg
2025-11-08 00:39:37 -   ✓ SUCCESS: xorg
2025-11-08 00:39:37 - Installing: xvfb
2025-11-08 00:39:41 -   ✓ SUCCESS: xvfb
2025-11-08 00:39:41 - Installing: wayvnc
2025-11-08 00:39:45 -   ✓ SUCCESS: wayvnc
2025-11-08 00:39:45 - Installing: wlr-randr
2025-11-08 00:39:48 -   ✓ SUCCESS: wlr-randr
2025-11-08 00:39:48 - Installing: sway
2025-11-08 00:39:50 -   ✓ SUCCESS: sway
2025-11-08 00:39:50 - Installing: libwlroots-0.18
2025-11-08 00:39:52 -   ✓ SUCCESS: libwlroots-0.18
2025-11-08 00:39:52 - Installing: libwlroots-0.18-dev
2025-11-08 00:39:53 -   ✓ SUCCESS: libwlroots-0.18-dev
2025-11-08 00:39:53 - Installing: libwlroots-0.18-examples
2025-11-08 00:39:57 -   ✓ SUCCESS: libwlroots-0.18-examples
2025-11-08 00:39:57 - Installing: vncviewer
2025-11-08 00:39:57 -   ⚠ FAILED/SKIPPED: vncviewer
2025-11-08 00:39:57 - === Installing Network Packages ===
2025-11-08 00:39:57 - Installing: iproute2
2025-11-08 00:40:03 -   ✓ SUCCESS: iproute2
2025-11-08 00:40:03 - Installing: net-tools
2025-11-08 00:40:07 -   ✓ SUCCESS: net-tools
2025-11-08 00:40:07 - Installing: wireless-tools
2025-11-08 00:40:11 -   ✓ SUCCESS: wireless-tools
2025-11-08 00:40:11 - Installing: iw
2025-11-08 00:40:14 -   ✓ SUCCESS: iw
2025-11-08 00:40:14 - Installing: wpasupplicant
2025-11-08 00:40:19 -   ✓ SUCCESS: wpasupplicant
2025-11-08 00:40:19 - Installing: hostapd
2025-11-08 00:40:23 -   ✓ SUCCESS: hostapd
2025-11-08 00:40:23 - Installing: isc-dhcp-client
2025-11-08 00:40:27 -   ✓ SUCCESS: isc-dhcp-client
2025-11-08 00:40:27 - Installing: ppp
2025-11-08 00:40:31 -   ✓ SUCCESS: ppp
2025-11-08 00:40:31 - Installing: openssh-client
2025-11-08 00:40:36 -   ✓ SUCCESS: openssh-client
2025-11-08 00:40:36 - Installing: curl
2025-11-08 00:40:41 -   ✓ SUCCESS: curl
2025-11-08 00:40:41 - Installing: wget
2025-11-08 00:40:45 -   ✓ SUCCESS: wget
2025-11-08 00:40:45 - === Installing Modem/Cellular Packages ===
2025-11-08 00:40:45 - Installing: modemmanager
2025-11-08 00:40:50 -   ✓ SUCCESS: modemmanager
2025-11-08 00:40:50 - Installing: libqmi-glib5
2025-11-08 00:40:52 -   ✓ SUCCESS: libqmi-glib5
2025-11-08 00:40:52 - Installing: libqmi-utils
2025-11-08 00:40:53 -   ✓ SUCCESS: libqmi-utils
2025-11-08 00:40:53 - Installing: libmbim-glib4
2025-11-08 00:40:55 -   ✓ SUCCESS: libmbim-glib4
2025-11-08 00:40:55 - Installing: libmbim-utils
2025-11-08 00:40:57 -   ✓ SUCCESS: libmbim-utils
2025-11-08 00:40:57 - Installing: network-manager
2025-11-08 00:41:05 -   ✓ SUCCESS: network-manager
2025-11-08 00:41:05 - Installing: mobile-broadband-provider-info
2025-11-08 00:41:08 -   ✓ SUCCESS: mobile-broadband-provider-info
2025-11-08 00:41:08 - === Installing Input Device Packages ===
2025-11-08 00:41:08 - Installing: libinput10
2025-11-08 00:41:10 -   ✓ SUCCESS: libinput10
2025-11-08 00:41:10 - Installing: libinput-dev
2025-11-08 00:41:11 -   ✓ SUCCESS: libinput-dev
2025-11-08 00:41:11 - Installing: evtest
2025-11-08 00:41:15 -   ✓ SUCCESS: evtest
2025-11-08 00:41:15 - Installing: libevdev2
2025-11-08 00:41:17 -   ✓ SUCCESS: libevdev2
2025-11-08 00:41:17 - Installing: libevdev-dev
2025-11-08 00:41:19 -   ✓ SUCCESS: libevdev-dev
2025-11-08 00:41:19 - Installing: xserver-xorg-input-libinput
2025-11-08 00:41:21 -   ✓ SUCCESS: xserver-xorg-input-libinput
2025-11-08 00:41:21 - === Installing Sensor Packages ===
2025-11-08 00:41:21 - Installing: libiio0
2025-11-08 00:41:24 -   ✓ SUCCESS: libiio0
2025-11-08 00:41:24 - Installing: libiio-dev
2025-11-08 00:41:27 -   ✓ SUCCESS: libiio-dev
2025-11-08 00:41:27 - Installing: iio-sensor-proxy
2025-11-08 00:41:30 -   ✓ SUCCESS: iio-sensor-proxy
2025-11-08 00:41:30 - Installing: lm-sensors
2025-11-08 00:41:34 -   ✓ SUCCESS: lm-sensors
2025-11-08 00:41:34 - Installing: i2c-tools
2025-11-08 00:41:40 -   ✓ SUCCESS: i2c-tools
2025-11-08 00:41:40 - === Installing GPIO Packages ===
2025-11-08 00:41:40 - Installing: libgpiod2
2025-11-08 00:41:40 -   ⚠ FAILED/SKIPPED: libgpiod2
2025-11-08 00:41:40 - Installing: libgpiod-dev
2025-11-08 00:41:43 -   ✓ SUCCESS: libgpiod-dev
2025-11-08 00:41:43 - Installing: python3
2025-11-08 00:41:45 -   ✓ SUCCESS: python3
2025-11-08 00:41:45 - Installing: python3-dev
2025-11-08 00:41:51 -   ✓ SUCCESS: python3-dev
2025-11-08 00:41:51 - Installing: python3-pip
2025-11-08 00:41:57 -   ✓ SUCCESS: python3-pip
2025-11-08 00:41:57 - === Installing I2C Packages ===
2025-11-08 00:41:57 - Installing: python3-smbus
2025-11-08 00:42:00 -   ✓ SUCCESS: python3-smbus
2025-11-08 00:42:00 - === Installing SPI Packages ===
2025-11-08 00:42:00 - Installing: spi-tools
2025-11-08 00:42:04 -   ✓ SUCCESS: spi-tools
2025-11-08 00:42:04 - Installing python3-spidev...
2025-11-08 00:42:04 - Installing: python3-spidev
2025-11-08 00:42:07 -   ✓ SUCCESS: python3-spidev
2025-11-08 00:42:07 - === Installing System Utilities ===
2025-11-08 00:42:07 - Installing: haveged
2025-11-08 00:42:11 -   ✓ SUCCESS: haveged
2025-11-08 00:42:11 - Installing: watchdog
2025-11-08 00:42:15 -   ✓ SUCCESS: watchdog
2025-11-08 00:42:15 - Installing: device-tree-compiler
2025-11-08 00:42:19 -   ✓ SUCCESS: device-tree-compiler
2025-11-08 00:42:19 - Installing: dmidecode
2025-11-08 00:42:23 -   ✓ SUCCESS: dmidecode
2025-11-08 00:42:23 - Installing: htop
2025-11-08 00:42:27 -   ✓ SUCCESS: htop
2025-11-08 00:42:27 - Installing: nano
2025-11-08 00:42:31 -   ✓ SUCCESS: nano
2025-11-08 00:42:31 - Installing: vim
2025-11-08 00:42:37 -   ✓ SUCCESS: vim
2025-11-08 00:42:37 - Installing: dbus
2025-11-08 00:42:39 -   ✓ SUCCESS: dbus
2025-11-08 00:42:39 - Installing: dbus-x11
2025-11-08 00:42:42 -   ✓ SUCCESS: dbus-x11
2025-11-08 00:42:42 - Installing: policykit-1
2025-11-08 00:42:43 -   ⚠ FAILED/SKIPPED: policykit-1
2025-11-08 00:42:43 - Installing: sudo
2025-11-08 00:42:48 -   ✓ SUCCESS: sudo
2025-11-08 00:42:48 - Installing: upower
2025-11-08 00:42:54 -   ✓ SUCCESS: upower
2025-11-08 00:42:54 - Installing: tlp
2025-11-08 00:43:00 -   ✓ SUCCESS: tlp
2025-11-08 00:43:00 - === RTC Support ===
2025-11-08 00:43:00 - Note: hwclock is provided by util-linux (already installed)
2025-11-08 00:43:00 - === Installing Bluetooth ===
2025-11-08 00:43:00 - Installing: bluetooth
2025-11-08 00:43:05 -   ✓ SUCCESS: bluetooth
2025-11-08 00:43:05 - Installing: bluez
2025-11-08 00:43:07 -   ✓ SUCCESS: bluez
2025-11-08 00:43:07 - Installing: bluez-obexd
2025-11-08 00:43:12 -   ✓ SUCCESS: bluez-obexd
2025-11-08 00:43:12 - Installing: bluez-meshd
2025-11-08 00:43:16 -   ✓ SUCCESS: bluez-meshd
2025-11-08 00:43:16 - Installing: bluez-alsa-utils
2025-11-08 00:43:22 -   ✓ SUCCESS: bluez-alsa-utils
2025-11-08 00:43:22 - Installing: libopenobex2
2025-11-08 00:43:25 -   ✓ SUCCESS: libopenobex2
2025-11-08 00:43:25 - Installing: bluetoothctl
2025-11-08 00:43:26 -   ⚠ FAILED/SKIPPED: bluetoothctl
2025-11-08 00:43:26 - === Installing Desktop Applications ===
2025-11-08 00:43:26 - Installing: pcmanfm
2025-11-08 00:43:44 -   ✓ SUCCESS: pcmanfm
2025-11-08 00:43:44 - Installing: feh
2025-11-08 00:43:49 -   ✓ SUCCESS: feh
2025-11-08 00:43:49 - Installing: vlc
2025-11-08 00:44:06 -   ✓ SUCCESS: vlc
2025-11-08 00:44:06 - === Installing Flatpak Support ===
2025-11-08 00:44:06 - Installing: flatpak
2025-11-08 00:44:12 -   ✓ SUCCESS: flatpak
2025-11-08 00:44:12 - Installing: xdg-desktop-portal
2025-11-08 00:44:14 -   ✓ SUCCESS: xdg-desktop-portal
2025-11-08 00:44:14 - Installing: xdg-desktop-portal-gtk
2025-11-08 00:44:15 -   ✓ SUCCESS: xdg-desktop-portal-gtk
2025-11-08 00:44:15 - Installing: xdg-utils
2025-11-08 00:44:17 -   ✓ SUCCESS: xdg-utils
2025-11-08 00:44:17 - Enabling FUSE module...
2025-11-08 00:44:17 -   ✓ FUSE module added to /etc/modules
2025-11-08 00:44:17 - === Installing Archive Tools ===
2025-11-08 00:44:17 - Installing: zip
2025-11-08 00:44:21 -   ✓ SUCCESS: zip
2025-11-08 00:44:21 - Installing: unzip
2025-11-08 00:44:23 -   ✓ SUCCESS: unzip
2025-11-08 00:44:23 - Installing: tar
2025-11-08 00:44:25 -   ✓ SUCCESS: tar
2025-11-08 00:44:25 - Installing: gzip
2025-11-08 00:44:26 -   ✓ SUCCESS: gzip
2025-11-08 00:44:26 - Installing: bzip2
2025-11-08 00:44:28 -   ✓ SUCCESS: bzip2
2025-11-08 00:44:28 - Installing: xz-utils
2025-11-08 00:44:30 -   ✓ SUCCESS: xz-utils
2025-11-08 00:44:30 - === Installing Joystick Tools ===
2025-11-08 00:44:30 - Installing: joystick
2025-11-08 00:44:34 -   ✓ SUCCESS: joystick
2025-11-08 00:44:34 - Installing: joystick-dbgsym
2025-11-08 00:44:34 -   ⚠ FAILED/SKIPPED: joystick-dbgsym
2025-11-08 00:44:34 - Installing: xserver-xorg-input-joystick
2025-11-08 00:44:38 -   ✓ SUCCESS: xserver-xorg-input-joystick
2025-11-08 00:44:38 - Installing: xserver-xorg-input-joystick-dbgsym
2025-11-08 00:44:38 -   ⚠ FAILED/SKIPPED: xserver-xorg-input-joystick-dbgsym
2025-11-08 00:44:38 - Installing: xserver-xorg-input-joystick-dev
2025-11-08 00:44:41 -   ✓ SUCCESS: xserver-xorg-input-joystick-dev
2025-11-08 00:44:41 - Installing: evtest
2025-11-08 00:44:43 -   ✓ SUCCESS: evtest
2025-11-08 00:44:43 - Installing: xboxdrv
2025-11-08 00:44:47 -   ✓ SUCCESS: xboxdrv
2025-11-08 00:44:47 - Installing: xboxdrv-dbgsym
2025-11-08 00:44:47 -   ⚠ FAILED/SKIPPED: xboxdrv-dbgsym
2025-11-08 00:44:47 - Installing: antimicro
2025-11-08 00:44:54 -   ✓ SUCCESS: antimicro
2025-11-08 00:44:54 - === Installing Web Browsers ===
2025-11-08 00:44:54 - Installing: firefox
2025-11-08 00:44:55 -   ⚠ FAILED/SKIPPED: firefox
2025-11-08 00:44:55 - Installing: chromium
2025-11-08 00:45:14 -   ✓ SUCCESS: chromium
2025-11-08 00:45:14 - Installing: torbrowser-launcher
2025-11-08 00:45:15 -   ⚠ FAILED/SKIPPED: torbrowser-launcher
2025-11-08 00:45:15 - === Package Installation Completed at Sat Nov  8 00:45:15 UTC 2025 ===
2025-11-08 00:45:15 - Check /data/package_install.log for detailed installation log

==========================================
Installation Summary
==========================================
Total packages installed: 1385

Log file: /data/package_install.log
==========================================

[2025-11-07 19:45:15] ✓ Package installation completed
[2025-11-07 19:45:15] ✓ Hardware packages installation process completed
[2025-11-07 19:45:15] === Copying package installation log to SD card ===
[2025-11-07 19:45:15] ✓ Package log copied to /storage/3454-7DC4/package_install.log
[2025-11-07 19:45:15] === Installing Mesa GPU Support for Mali (Panfrost) ===
[2025-11-07 19:45:15] Downloading Mesa for Android Container (~50-100MB)...
Connecting to github.com (140.82.112.3:443)
wget: note: TLS certificate validation not implemented
Connecting to release-assets.githubusercontent.com (185.199.111.133:443)
saving to '/data/local/tmp/mesa-for-android-container_25.3.0-devel-20250725_debian_arm64.tar.gz'
mesa-for-android-con  50% |****************                | 8024k  0:00:00 ETA
mesa-for-android-con 100% |********************************| 15.5M  0:00:00 ETA
'/data/local/tmp/mesa-for-android-container_25.3.0-devel-20250725_debian_arm64.tar.gz' saved
[2025-11-07 19:45:17] ✓ Downloaded Mesa (16M)
[2025-11-07 19:45:17] Extracting Mesa libraries to chroot...
[2025-11-07 19:45:17] ✓ Mesa libraries extracted
[2025-11-07 19:45:17] ✓ Mesa archive cleaned up
[2025-11-07 19:45:17] Configuring Mesa environment for Panfrost (Mali GPU)...
[2025-11-07 19:45:18] ✓ Panfrost environment variables configured
[2025-11-07 19:45:18] Refreshing dynamic linker cache...
[2025-11-07 19:45:18] ✓ Dynamic linker cache updated
[2025-11-07 19:45:18] Verifying Mesa installation...
[2025-11-07 19:45:18] ⚠ WARNING: Mesa driver directory not found
[2025-11-07 19:45:18] ✓ Mesa GPU support installation completed
[2025-11-07 19:45:18] === Installing UNISOC Hardware ===
[2025-11-07 19:45:18] ✓ UNISOC hardware script installed
[2025-11-07 19:45:18] Installing UNISOC service...
=== Installing UNISOC Hardware Service ===
Detected init system: sysvinit
Installing rc.local service...
✓ Created /etc/rc.local
✓ Added UNISOC hardware setup to rc.local
✓ Created /etc/init.d/unisoc-hardware
✓ Service enabled via update-rc.d
Running UNISOC hardware configuration now...
✓ Hardware configuration completed successfully

=== UNISOC Hardware Configuration Log ===
00:45:18 - === Starting Hardware Device Configuration ===
00:45:18 - Configuring UNISOC LTE Pipe Devices...
00:45:18 -   ✓ Configured: /dev/spipe_lte0
00:45:18 -   ✓ Configured: /dev/spipe_lte1
00:45:18 -   ✓ Configured: /dev/spipe_lte10
00:45:18 -   ✓ Configured: /dev/spipe_lte11
00:45:18 -   ✓ Configured: /dev/spipe_lte12
00:45:18 -   ✓ Configured: /dev/spipe_lte13
00:45:18 -   ✓ Configured: /dev/spipe_lte14
00:45:18 -   ✓ Configured: /dev/spipe_lte2
00:45:18 -   ✓ Configured: /dev/spipe_lte3
00:45:18 -   ✓ Configured: /dev/spipe_lte4
00:45:18 -   ✓ Configured: /dev/spipe_lte5
00:45:18 -   ✓ Configured: /dev/spipe_lte6
00:45:18 -   ✓ Configured: /dev/spipe_lte7
00:45:18 -   ✓ Configured: /dev/spipe_lte8
00:45:18 -   ✓ Configured: /dev/spipe_lte9
00:45:18 -   Total configured: 15
00:45:18 - Configuring UNISOC LTE TTY Devices...
00:45:18 -   ✓ Configured: /dev/stty_lte0
00:45:18 -   ✓ Configured: /dev/stty_lte1
00:45:18 -   ✓ Configured: /dev/stty_lte10
00:45:18 -   ✓ Configured: /dev/stty_lte11
00:45:18 -   ✓ Configured: /dev/stty_lte12
00:45:18 -   ✓ Configured: /dev/stty_lte13
00:45:18 -   ✓ Configured: /dev/stty_lte14
00:45:18 -   ✓ Configured: /dev/stty_lte15
00:45:18 -   ✓ Configured: /dev/stty_lte16
00:45:18 -   ✓ Configured: /dev/stty_lte17
00:45:18 -   ✓ Configured: /dev/stty_lte18
00:45:18 -   ✓ Configured: /dev/stty_lte19
00:45:18 -   ✓ Configured: /dev/stty_lte2
00:45:18 -   ✓ Configured: /dev/stty_lte20
00:45:18 -   ✓ Configured: /dev/stty_lte21
00:45:18 -   ✓ Configured: /dev/stty_lte22
00:45:18 -   ✓ Configured: /dev/stty_lte23
00:45:18 -   ✓ Configured: /dev/stty_lte24
00:45:18 -   ✓ Configured: /dev/stty_lte25
00:45:18 -   ✓ Configured: /dev/stty_lte26
00:45:18 -   ✓ Configured: /dev/stty_lte27
00:45:18 -   ✓ Configured: /dev/stty_lte28
00:45:18 -   ✓ Configured: /dev/stty_lte29
00:45:18 -   ✓ Configured: /dev/stty_lte3
00:45:18 -   ✓ Configured: /dev/stty_lte30
00:45:18 -   ✓ Configured: /dev/stty_lte31
00:45:18 -   ✓ Configured: /dev/stty_lte4
00:45:18 -   ✓ Configured: /dev/stty_lte5
00:45:18 -   ✓ Configured: /dev/stty_lte6
00:45:18 -   ✓ Configured: /dev/stty_lte7
00:45:18 -   ✓ Configured: /dev/stty_lte8
00:45:18 -   ✓ Configured: /dev/stty_lte9
00:45:18 -   Total configured: 32
00:45:18 - Configuring UNISOC Log Devices...
00:45:18 -   ✓ Configured: /dev/slog_gnss
00:45:18 -   ✓ Configured: /dev/slog_lte
00:45:18 -   ✓ Configured: /dev/slog_pm
00:45:18 -   ✓ Configured: /dev/slog_wcn0
00:45:18 -   ✓ Configured: /dev/slog_wcn1
00:45:18 -   Total configured: 5
00:45:18 -   ✓ Configured: /dev/sdiag_lte
00:45:18 - Configuring UNISOC Power Management Pipes...
00:45:18 -   ✓ Configured: /dev/spipe_pm0
00:45:18 -   ✓ Configured: /dev/spipe_pm1
00:45:18 -   Total configured: 2
00:45:18 -   ✓ Configured: /dev/sctl_pm
00:45:18 - Configuring TTY Gadget Serial Devices...
00:45:18 -   ✓ Configured: /dev/ttyGS0
00:45:18 -   ✓ Configured: /dev/ttyGS1
00:45:18 -   ✓ Configured: /dev/ttyGS2
00:45:18 -   ✓ Configured: /dev/ttyGS3
00:45:18 -   ✓ Configured: /dev/ttyGS4
00:45:18 -   ✓ Configured: /dev/ttyGS5
00:45:18 -   ✓ Configured: /dev/ttyGS6
00:45:18 -   ✓ Configured: /dev/ttyGS7
00:45:18 -   Total TTY gadget devices configured: 8
00:45:18 - Configuring Standard Serial Devices...
00:45:18 -   ✓ Configured: /dev/ttyS1
00:45:18 - Configuring GPIO Controller Devices...
00:45:18 -   ✓ Configured: /dev/gpiochip0
00:45:18 -   ✓ Configured: /dev/gpiochip1
00:45:18 -   ✓ Configured: /dev/gpiochip2
00:45:18 -   ✓ Configured: /dev/gpiochip3
00:45:18 -   ✓ Configured: /dev/gpiochip4
00:45:18 -   ✓ Configured: /dev/gpiochip5
00:45:18 -   Total GPIO devices configured: 6
00:45:18 - Configuring I2C Bus Devices...
00:45:18 -   ✓ Configured: /dev/i2c-0
00:45:18 -   ✓ Configured: /dev/i2c-1
00:45:18 -   ✓ Configured: /dev/i2c-2
00:45:18 -   ✓ Configured: /dev/i2c-3
00:45:18 -   ✓ Configured: /dev/i2c-4
00:45:18 -   ✓ Configured: /dev/i2c-5
00:45:18 -   Total I2C devices configured: 6
00:45:18 - Configuring IIO Sensor Devices...
00:45:18 -   ✓ Configured: /dev/iio:device0
00:45:18 -   ✓ Configured: /dev/iio:device1
00:45:18 - Configuring Input Devices...
00:45:18 -   ✓ Configured: /dev/input/event0
00:45:18 -   ✓ Configured: /dev/input/event1
00:45:18 -   ✓ Configured: /dev/input/event2
00:45:18 -   ✓ Configured: /dev/input/event3
00:45:18 -   ✓ Configured: /dev/input/event4
00:45:18 -   ✓ Configured: /dev/input/event5
00:45:18 -   ✓ Configured: /dev/input/event6
00:45:18 -   ✓ Configured: /dev/input/js0
00:45:18 -   ✓ Configured: /dev/input/mice
00:45:18 -   Total input devices configured: 9
00:45:18 - Configuring ALSA Audio Devices...
00:45:18 -   ✓ Configured: /dev/snd/comprC0D11
00:45:18 -   ✓ Configured: /dev/snd/comprC0D4
00:45:18 -   ✓ Configured: /dev/snd/controlC0
00:45:18 -   ✓ Configured: /dev/snd/pcmC0D0c
00:45:18 -   ✓ Configured: /dev/snd/pcmC0D0p
00:45:18 -   ✓ Configured: /dev/snd/pcmC0D10c
00:45:18 -   ✓ Configured: /dev/snd/pcmC0D10p
00:45:18 -   ✓ Configured: /dev/snd/pcmC0D12p
00:45:18 -   ✓ Configured: /dev/snd/pcmC0D13c
00:45:18 -   ✓ Configured: /dev/snd/pcmC0D14c
00:45:18 -   ✓ Configured: /dev/snd/pcmC0D15p
00:45:18 -   ✓ Configured: /dev/snd/pcmC0D16c
00:45:18 -   ✓ Configured: /dev/snd/pcmC0D17c
00:45:18 -   ✓ Configured: /dev/snd/pcmC0D1c
00:45:18 -   ✓ Configured: /dev/snd/pcmC0D1p
00:45:18 -   ✓ Configured: /dev/snd/pcmC0D2c
00:45:18 -   ✓ Configured: /dev/snd/pcmC0D3p
00:45:18 -   ✓ Configured: /dev/snd/pcmC0D49c
00:45:18 -   ✓ Configured: /dev/snd/pcmC0D49p
00:45:18 -   ✓ Configured: /dev/snd/pcmC0D53p
00:45:18 -   ✓ Configured: /dev/snd/pcmC0D5c
00:45:18 -   ✓ Configured: /dev/snd/pcmC0D5p
00:45:18 -   ✓ Configured: /dev/snd/pcmC0D6c
00:45:18 -   ✓ Configured: /dev/snd/pcmC0D6p
00:45:18 -   ✓ Configured: /dev/snd/pcmC0D7p
00:45:18 -   ✓ Configured: /dev/snd/pcmC0D8c
00:45:18 -   ✓ Configured: /dev/snd/pcmC0D9c
00:45:18 -   ✓ Configured: /dev/snd/timer
00:45:18 -   Total audio devices configured: 28
00:45:18 - Configuring Graphics Devices...
00:45:18 -   ✓ Configured: /dev/dri/card0
00:45:18 - Configuring USB Devices...
00:45:18 -   ✓ Configured: /dev/bus/usb/001/001
00:45:18 -   Total USB devices configured: 1
00:45:18 -   ✓ Configured: /dev/rtc0
00:45:18 - Configuring Wireless/Cellular Devices...
00:45:18 -   ✓ Configured: /dev/wcn
00:45:18 -   ✓ Configured: /dev/wcn_op
00:45:18 - Configuring GNSS Devices...
00:45:18 -   ✓ Configured: /dev/gnss_dbg
00:45:18 -   ✓ Configured: /dev/gnss_common_ctl
00:45:18 -   ✓ Configured: /dev/gnss_pmnotify_ctl
00:45:18 -   ✓ Configured: /dev/data0_gnss
00:45:18 - Configuring Audio Pipe Devices...
00:45:19 - Configuring Audio Pipe Devices...
00:45:19 -   ✓ Configured: /dev/audio_pipe_bthal
00:45:19 -   ✓ Configured: /dev/audio_pipe_effect
00:45:19 -   ✓ Configured: /dev/audio_pipe_recordproc
00:45:19 -   ✓ Configured: /dev/audio_pipe_voice
00:45:19 -   Total configured: 4
00:45:19 - Configuring Spreadtrum/UNISOC Specific Devices...
00:45:19 -   ✓ Configured: /dev/sprd_vsp
00:45:19 -   ✓ Configured: /dev/sprd_jpg
00:45:19 -   ✓ Configured: /dev/sprd_uid
00:45:19 -   ✓ Configured: /dev/sprd_cpp
00:45:19 -   ✓ Configured: /dev/sprd_flash
00:45:19 -   ✓ Configured: /dev/sprd_sensor
00:45:19 -   ✓ Configured: /dev/gsp
00:45:19 -   ✓ Configured: /dev/cptl
00:45:19 -   ✓ Configured: /dev/mali0
00:45:19 -   ✓ Configured: /dev/vdsp0
00:45:19 - === Initializing Camera GPIOs ===
00:45:19 -   ✓ Exported GPIO 119
00:45:19 -   ✓ Exported GPIO 120
00:45:19 -   ✓ Exported GPIO 121
00:45:19 -   ✓ Exported GPIO 122
00:45:19 -   ✓ Exported GPIO 123
00:45:19 -   ✓ Exported GPIO 124
00:45:19 -   ✓ Exported GPIO 125
00:45:19 -   ✓ Exported GPIO 126
00:45:19 -   Camera GPIO initialization complete
00:45:19 - === Initializing DCAM (Digital Camera Controller) ===
00:45:19 -   ✓ Found DCAM path: /sys/devices/platform/dcam-axi-dvfs
00:45:19 -   ✓ Found DCAM path: /sys/devices/platform/dcam-if-dvfs
00:45:19 - === Initializing V4L2 Camera System ===
00:45:19 -   Loading camera kernel modules...
00:45:19 -   ✓ Module sprd_sensor already loaded
00:45:19 -   ✓ Module sprd_cpp already loaded
00:45:19 -   ⚠ Could not load module: videodev
00:45:20 -   ⚠ Camera platform device not found
00:45:20 -   Triggering V4L2 device enumeration...
00:45:20 -   Creating V4L2 video device nodes...
00:45:20 -     Created: /dev/video0 (major: 81, minor: 0)
00:45:21 -     Created: /dev/video1 (major: 81, minor: 1)
00:45:21 -     Created: /dev/video2 (major: 81, minor: 2)
00:45:21 -     Created: /dev/video3 (major: 81, minor: 3)
00:45:21 -     Created: /dev/video4 (major: 81, minor: 4)
00:45:21 -     Created: /dev/video5 (major: 81, minor: 5)
00:45:21 -     Created: /dev/video6 (major: 81, minor: 6)
00:45:21 -     Created: /dev/video7 (major: 81, minor: 7)
00:45:21 -     Created: /dev/video8 (major: 81, minor: 8)
00:45:21 -     Created: /dev/video9 (major: 81, minor: 9)
00:45:21 -     Created: /dev/video10 (major: 81, minor: 10)
00:45:21 -     Created: /dev/video11 (major: 81, minor: 11)
00:45:21 -     Created: /dev/video12 (major: 81, minor: 12)
00:45:21 -     Created: /dev/video13 (major: 81, minor: 13)
00:45:21 -     Created: /dev/video14 (major: 81, minor: 14)
00:45:21 -     Created: /dev/video15 (major: 81, minor: 15)
00:45:21 -   Creating media controller devices...
00:45:21 -     Created: /dev/media0 (major: 250, minor: 0)
00:45:21 -     Created: /dev/media1 (major: 250, minor: 1)
00:45:21 -     Created: /dev/media2 (major: 250, minor: 2)
00:45:21 -     Created: /dev/media3 (major: 250, minor: 3)
00:45:21 -   Creating V4L2 subdev nodes...
00:45:21 -     Created: /dev/v4l-subdev0 (major: 81, minor: 128)
00:45:21 -     Created: /dev/v4l-subdev1 (major: 81, minor: 129)
00:45:21 -     Created: /dev/v4l-subdev2 (major: 81, minor: 130)
00:45:21 -     Created: /dev/v4l-subdev3 (major: 81, minor: 131)
00:45:21 -     Created: /dev/v4l-subdev4 (major: 81, minor: 132)
00:45:21 -     Created: /dev/v4l-subdev5 (major: 81, minor: 133)
00:45:21 -     Created: /dev/v4l-subdev6 (major: 81, minor: 134)
00:45:21 -     Created: /dev/v4l-subdev7 (major: 81, minor: 135)
00:45:21 -   Triggering udev device update...
00:45:23 -   V4L2 Initialization Summary:
00:45:23 -     Video devices: 16
00:45:23 -     Media devices: 4
00:45:23 -     Subdev devices: 8
00:45:23 -   ✓ V4L2 camera system initialized successfully
00:45:23 - Configuring V4L2 Camera Devices...
00:45:23 -   ✓ Configured: /dev/video0
00:45:23 -   ✓ Configured: /dev/video1
00:45:23 -   ✓ Configured: /dev/video10
00:45:23 -   ✓ Configured: /dev/video11
00:45:23 -   ✓ Configured: /dev/video12
00:45:23 -   ✓ Configured: /dev/video13
00:45:23 -   ✓ Configured: /dev/video14
00:45:23 -   ✓ Configured: /dev/video15
00:45:23 -   ✓ Configured: /dev/video2
00:45:23 -   ✓ Configured: /dev/video3
00:45:23 -   ✓ Configured: /dev/video4
00:45:23 -   ✓ Configured: /dev/video5
00:45:23 -   ✓ Configured: /dev/video6
00:45:23 -   ✓ Configured: /dev/video7
00:45:23 -   ✓ Configured: /dev/video8
00:45:23 -   ✓ Configured: /dev/video9
00:45:23 -   ✓ Configured: /dev/media0
00:45:23 -   ✓ Configured: /dev/media1
00:45:23 -   ✓ Configured: /dev/media2
00:45:23 -   ✓ Configured: /dev/media3
00:45:23 -   ✓ Configured: /dev/v4l-subdev0
00:45:23 -   ✓ Configured: /dev/v4l-subdev1
00:45:23 -   ✓ Configured: /dev/v4l-subdev2
00:45:23 -   ✓ Configured: /dev/v4l-subdev3
00:45:23 -   ✓ Configured: /dev/v4l-subdev4
00:45:23 -   ✓ Configured: /dev/v4l-subdev5
00:45:23 -   ✓ Configured: /dev/v4l-subdev6
00:45:23 -   ✓ Configured: /dev/v4l-subdev7
00:45:23 -   Total V4L2 devices configured: 28
00:45:23 - Configuring Bluetooth Devices...
00:45:23 -   ✓ Configured: /dev/ttyBT0
00:45:23 -   ✓ Configured: /dev/ttyBT1
00:45:23 - Configuring Audio Pipe Command Devices...
00:45:23 -   ✓ Configured: /dev/apipe-cmd-in
00:45:23 -   ✓ Configured: /dev/apipe-cmd-out
00:45:23 -   ✓ Configured: /dev/apipe-pcm
00:45:23 - Configuring RS Communication Devices...
00:45:23 -   ✓ Configured: /dev/rscom
00:45:23 -   ✓ Configured: /dev/rsinput
00:45:23 -   ✓ Configured: /dev/rstouch
00:45:23 - Configuring Special Function Devices...
00:45:23 -   ✓ Configured: /dev/fm
00:45:23 -   ✓ Configured: /dev/autotest0
00:45:23 -   ✓ Configured: /dev/retrostation_hdmi
00:45:23 -   ✓ Configured: /dev/map_user
00:45:23 -   ✓ Configured: /dev/ppp
00:45:23 -   ✓ Configured: /dev/tun
00:45:23 - Configuring Additional System Devices...
00:45:23 -   ✓ Configured: /dev/uhid
00:45:23 -   ✓ Configured: /dev/uinput
00:45:23 -   ✓ Configured: /dev/rfkill
00:45:23 -   ✓ Configured: /dev/fuse
00:45:23 -   ✓ Configured: /dev/ion
00:45:23 -   ✓ Configured: /dev/ashmem
00:45:23 - === Hardware Configuration Completed at Sat Nov  8 00:45:23 UTC 2025 ===

==========================================
UNISOC Hardware Configuration Summary
==========================================
00:45:23 - UNISOC LTE devices: 47
00:45:23 - Serial devices: 9
00:45:23 - GPIO devices: 6
00:45:23 - I2C devices: 6
00:45:23 - Audio devices: 28
00:45:23 - Input devices: 9
00:45:23 - V4L2 video devices: 16
00:45:23 - V4L2 media devices: 4
00:45:23 - V4L2 subdev devices: 8

Full log: /data/unisoc_hardware.log
==========================================
=== End of UNISOC Hardware Configuration Log ===

Service installed successfully!

Usage:
  To view logs: cat /var/log/unisoc-hardware.log
  To restart: /etc/init.d/unisoc-hardware restart
  To check status: /etc/init.d/unisoc-hardware status
  To run manually: /usr/local/bin/setup-unisoc-hardware

=== Service installation complete ===
[2025-11-07 19:45:23] ✓ UNISOC service installed
[2025-11-07 19:45:23] === Copying UNISOC hardware log to SD card ===
[2025-11-07 19:45:23] ✓ UNISOC hardware log copied to /storage/3454-7DC4/unisoc-hardware.log
[2025-11-07 19:45:23] === Creating user p3plus ===
[2025-11-07 19:45:23] ✓ User created
[2025-11-07 19:45:23] Adding user to groups...
[2025-11-07 19:45:26] ✓ Groups assigned
[2025-11-07 19:45:26] ✓ User configured
[2025-11-07 19:45:26] === Copying droid folder ===
[2025-11-07 19:45:26] ✓ droid folder copied
[2025-11-07 19:45:26] === Running device nodes setup ===
[2025-11-07 19:45:27] Executing dev-nodes.sh...
=========================================
Device Permission Setup Script (Debian)
Started: Sat Nov  8 00:45:27 UTC 2025
Log file: /data/dev-nodes-logs.log
Environment: Linux localhost 4.14.193 #1 SMP PREEMPT Tue Jul 4 17:03:59 HKT 2023 aarch64 GNU/Linux
=========================================
Current user: p3plus
Setting up Debian groups...
Group root already exists
Group daemon already exists
Group bin already exists
Group sys already exists
Group adm already exists
Group tty already exists
Group disk already exists
Group lp already exists
Group mail already exists
Group news already exists
Group uucp already exists
Group man already exists
Group proxy already exists
Group kmem already exists
Group dialout already exists
Group fax already exists
Group voice already exists
Group cdrom already exists
Group floppy already exists
Group tape already exists
Group sudo already exists
Group audio already exists
Group dip already exists
Group www-data already exists
Group backup already exists
Group operator already exists
Group list already exists
Group irc already exists
Group src already exists
Creating group: gnats (GID: 41)
✓ Group gnats created successfully
Group shadow already exists
Group utmp already exists
Group video already exists
Group sasl already exists
Group plugdev already exists
Group staff already exists
Group games already exists
Group users already exists
Group nogroup already exists
Group input already exists
Group kvm already exists
Group render already exists
Group netdev already exists
Group bluetooth already exists
Group lpadmin already exists
Group pulse already exists
Group pulse-access already exists
Creating group: scanner (GID: 115)
✓ Group scanner created successfully
Creating group: saned (GID: 116)
✓ Group saned created successfully
Creating group: colord (GID: 117)
✓ Group colord created successfully
Creating group: ssl-cert (GID: 118)
✓ Group ssl-cert created successfully
Creating group: graphics (GID: 1003)
groupadd: GID '1003' already exists
✓ Group graphics created successfully
Creating group: log (GID: 1007)
groupadd: GID '1007' already exists
✓ Group log created successfully
Creating group: mount (GID: 1009)
groupadd: GID '1009' already exists
✓ Group mount created successfully
Creating group: wifi (GID: 1010)
groupadd: GID '1010' already exists
✓ Group wifi created successfully
Creating group: install (GID: 1012)
groupadd: GID '1012' already exists
✓ Group install created successfully
Creating group: dhcp (GID: 1014)
groupadd: GID '1014' already exists
✓ Group dhcp created successfully
Creating group: media_rw (GID: 1023)
groupadd: GID '1023' already exists
✓ Group media_rw created successfully
Creating group: mtp (GID: 1024)
groupadd: GID '1024' already exists
✓ Group mtp created successfully
Creating group: drmrpc (GID: 1026)
groupadd: GID '1026' already exists
✓ Group drmrpc created successfully
Creating group: shell (GID: 2000)
✓ Group shell created successfully
Creating group: cache (GID: 2001)
✓ Group cache created successfully
Creating group: diag (GID: 2002)
✓ Group diag created successfully
Group wheel already exists
Group mem already exists
Group ftp already exists
Group sshd already exists
Group at already exists
Group readproc already exists
Group squid already exists
Group gdm already exists
Group xfs already exists
Group named already exists
Group mysql already exists
Group postgres already exists
Group cdrw already exists
Group apache already exists
Group nut already exists
Group usb already exists
Group avahi already exists
Group vpopmail already exists
Group ntp already exists
Group nofiles already exists
Group qmail already exists
Group postfix already exists
Group postdrop already exists
Group smmsp already exists
Group slocate already exists
Group abuild already exists
Group nobody already exists
Setting up device permissions...
Device not found: /dev/loop0
Device not found: /dev/loop1
Device not found: /dev/loop2
Device not found: /dev/loop3
Device not found: /dev/loop4
Device not found: /dev/loop5
Device not found: /dev/loop6
Setting up: /dev/loop-control -> disk:666
  ✓ Permissions set to 666
  ✓ Group ownership set to disk
Setting up: /dev/ttyGS0 -> dialout:666
  ✓ Permissions set to 666
  ✓ Group ownership set to dialout
Setting up: /dev/ttyGS1 -> dialout:666
  ✓ Permissions set to 666
  ✓ Group ownership set to dialout
Setting up: /dev/ttyGS2 -> dialout:666
  ✓ Permissions set to 666
  ✓ Group ownership set to dialout
Setting up: /dev/ttyGS3 -> dialout:666
  ✓ Permissions set to 666
  ✓ Group ownership set to dialout
Setting up: /dev/ttyGS4 -> dialout:666
  ✓ Permissions set to 666
  ✓ Group ownership set to dialout
Setting up: /dev/ttyGS5 -> dialout:666
  ✓ Permissions set to 666
  ✓ Group ownership set to dialout
Setting up: /dev/ttyGS6 -> dialout:666
  ✓ Permissions set to 666
  ✓ Group ownership set to dialout
Setting up: /dev/ttyGS7 -> dialout:666
  ✓ Permissions set to 666
  ✓ Group ownership set to dialout
Device not found: /dev/ttyS0
Setting up: /dev/ttyS1 -> dialout:666
  ✓ Permissions set to 666
  ✓ Group ownership set to dialout
Setting up: /dev/ttyBT0 -> dialout:666
  ✓ Permissions set to 666
  ✓ Group ownership set to dialout
Setting up: /dev/ttyBT1 -> dialout:666
  ✓ Permissions set to 666
  ✓ Group ownership set to dialout
Setting up: /dev/tty -> tty:666
  ✓ Permissions set to 666
  ✓ Group ownership set to tty
Setting up: /dev/console -> tty:620
  ✓ Permissions set to 620
  ✓ Group ownership set to tty
Setting up: /dev/spipe_lte0 -> dialout:666
  ✓ Permissions set to 666
  ✓ Group ownership set to dialout
Setting up: /dev/spipe_lte1 -> dialout:666
  ✓ Permissions set to 666
  ✓ Group ownership set to dialout
Setting up: /dev/spipe_lte2 -> dialout:666
  ✓ Permissions set to 666
  ✓ Group ownership set to dialout
Setting up: /dev/spipe_lte3 -> dialout:666
  ✓ Permissions set to 666
  ✓ Group ownership set to dialout
Setting up: /dev/spipe_lte4 -> dialout:666
  ✓ Permissions set to 666
  ✓ Group ownership set to dialout
Setting up: /dev/spipe_lte5 -> dialout:666
  ✓ Permissions set to 666
  ✓ Group ownership set to dialout
Setting up: /dev/spipe_lte6 -> dialout:666
  ✓ Permissions set to 666
  ✓ Group ownership set to dialout
Setting up: /dev/spipe_lte7 -> dialout:666
  ✓ Permissions set to 666
  ✓ Group ownership set to dialout
Setting up: /dev/spipe_lte8 -> dialout:666
  ✓ Permissions set to 666
  ✓ Group ownership set to dialout
Setting up: /dev/spipe_lte9 -> dialout:666
  ✓ Permissions set to 666
  ✓ Group ownership set to dialout
Setting up: /dev/spipe_lte10 -> dialout:666
  ✓ Permissions set to 666
  ✓ Group ownership set to dialout
Setting up: /dev/spipe_lte11 -> dialout:666
  ✓ Permissions set to 666
  ✓ Group ownership set to dialout
Setting up: /dev/spipe_lte12 -> dialout:666
  ✓ Permissions set to 666
  ✓ Group ownership set to dialout
Setting up: /dev/spipe_lte13 -> dialout:666
  ✓ Permissions set to 666
  ✓ Group ownership set to dialout
Setting up: /dev/spipe_lte14 -> dialout:666
  ✓ Permissions set to 666
  ✓ Group ownership set to dialout
Setting up: /dev/stty_lte0 -> dialout:666
  ✓ Permissions set to 666
  ✓ Group ownership set to dialout
Setting up: /dev/stty_lte1 -> dialout:666
  ✓ Permissions set to 666
  ✓ Group ownership set to dialout
Setting up: /dev/stty_lte2 -> dialout:666
  ✓ Permissions set to 666
  ✓ Group ownership set to dialout
Setting up: /dev/stty_lte3 -> dialout:666
  ✓ Permissions set to 666
  ✓ Group ownership set to dialout
Setting up: /dev/stty_lte4 -> dialout:666
  ✓ Permissions set to 666
  ✓ Group ownership set to dialout
Setting up: /dev/stty_lte5 -> dialout:666
  ✓ Permissions set to 666
  ✓ Group ownership set to dialout
Setting up: /dev/stty_lte6 -> dialout:666
  ✓ Permissions set to 666
  ✓ Group ownership set to dialout
Setting up: /dev/stty_lte7 -> dialout:666
  ✓ Permissions set to 666
  ✓ Group ownership set to dialout
Setting up: /dev/stty_lte8 -> dialout:666
  ✓ Permissions set to 666
  ✓ Group ownership set to dialout
Setting up: /dev/stty_lte9 -> dialout:666
  ✓ Permissions set to 666
  ✓ Group ownership set to dialout
Setting up: /dev/stty_lte10 -> dialout:666
  ✓ Permissions set to 666
  ✓ Group ownership set to dialout
Setting up: /dev/stty_lte11 -> dialout:666
  ✓ Permissions set to 666
  ✓ Group ownership set to dialout
Setting up: /dev/stty_lte12 -> dialout:666
  ✓ Permissions set to 666
  ✓ Group ownership set to dialout
Setting up: /dev/stty_lte13 -> dialout:666
  ✓ Permissions set to 666
  ✓ Group ownership set to dialout
Setting up: /dev/stty_lte14 -> dialout:666
  ✓ Permissions set to 666
  ✓ Group ownership set to dialout
Setting up: /dev/stty_lte15 -> dialout:666
  ✓ Permissions set to 666
  ✓ Group ownership set to dialout
Setting up: /dev/stty_lte16 -> dialout:666
  ✓ Permissions set to 666
  ✓ Group ownership set to dialout
Setting up: /dev/stty_lte17 -> dialout:666
  ✓ Permissions set to 666
  ✓ Group ownership set to dialout
Setting up: /dev/stty_lte18 -> dialout:666
  ✓ Permissions set to 666
  ✓ Group ownership set to dialout
Setting up: /dev/stty_lte19 -> dialout:666
  ✓ Permissions set to 666
  ✓ Group ownership set to dialout
Setting up: /dev/stty_lte20 -> dialout:666
  ✓ Permissions set to 666
  ✓ Group ownership set to dialout
Setting up: /dev/stty_lte21 -> dialout:666
  ✓ Permissions set to 666
  ✓ Group ownership set to dialout
Setting up: /dev/stty_lte22 -> dialout:666
  ✓ Permissions set to 666
  ✓ Group ownership set to dialout
Setting up: /dev/stty_lte23 -> dialout:666
  ✓ Permissions set to 666
  ✓ Group ownership set to dialout
Setting up: /dev/stty_lte24 -> dialout:666
  ✓ Permissions set to 666
  ✓ Group ownership set to dialout
Setting up: /dev/stty_lte25 -> dialout:666
  ✓ Permissions set to 666
  ✓ Group ownership set to dialout
Setting up: /dev/stty_lte26 -> dialout:666
  ✓ Permissions set to 666
  ✓ Group ownership set to dialout
Setting up: /dev/stty_lte27 -> dialout:666
  ✓ Permissions set to 666
  ✓ Group ownership set to dialout
Setting up: /dev/stty_lte28 -> dialout:666
  ✓ Permissions set to 666
  ✓ Group ownership set to dialout
Setting up: /dev/stty_lte29 -> dialout:666
  ✓ Permissions set to 666
  ✓ Group ownership set to dialout
Setting up: /dev/stty_lte30 -> dialout:666
  ✓ Permissions set to 666
  ✓ Group ownership set to dialout
Setting up: /dev/stty_lte31 -> dialout:666
  ✓ Permissions set to 666
  ✓ Group ownership set to dialout
Setting up: /dev/sdiag_lte -> dialout:666
  ✓ Permissions set to 666
  ✓ Group ownership set to dialout
Setting up: /dev/usb_accessory -> plugdev:666
  ✓ Permissions set to 666
  ✓ Group ownership set to plugdev
Setting up: /dev/mtp_usb -> plugdev:666
  ✓ Permissions set to 666
  ✓ Group ownership set to plugdev
Setting up: /dev/vser -> dialout:666
  ✓ Permissions set to 666
  ✓ Group ownership set to dialout
Setting up: /dev/bus/usb/001/001 -> plugdev:666
  ✓ Permissions set to 666
  ✓ Group ownership set to plugdev
Setting up: /dev/stdin -> root:666
  ✓ Permissions set to 666
  ✓ Group ownership set to root
Setting up: /dev/stdout -> root:666
  ✓ Permissions set to 666
  ✓ Group ownership set to root
Setting up: /dev/stderr -> root:666
  ✓ Permissions set to 666
  ✓ Group ownership set to root
Setting up: /dev/null -> root:666
  ✓ Permissions set to 666
  ✓ Group ownership set to root
Setting up: /dev/zero -> root:666
  ✓ Permissions set to 666
  ✓ Group ownership set to root
Setting up: /dev/full -> root:666
  ✓ Permissions set to 666
  ✓ Group ownership set to root
Setting up: /dev/random -> root:666
  ✓ Permissions set to 666
  ✓ Group ownership set to root
Setting up: /dev/urandom -> root:666
  ✓ Permissions set to 666
  ✓ Group ownership set to root
Setting up: /dev/ppp -> netdev:666
  ✓ Permissions set to 666
  ✓ Group ownership set to netdev
Setting up: /dev/tun -> netdev:666
  ✓ Permissions set to 666
  ✓ Group ownership set to netdev
Setting up: /dev/rfkill -> netdev:666
  ✓ Permissions set to 666
  ✓ Group ownership set to netdev
Setting up: /dev/apipe-cmd-in -> audio:666
  ✓ Permissions set to 666
  ✓ Group ownership set to audio
Setting up: /dev/apipe-cmd-out -> audio:666
  ✓ Permissions set to 666
  ✓ Group ownership set to audio
Setting up: /dev/apipe-pcm -> audio:666
  ✓ Permissions set to 666
  ✓ Group ownership set to audio
Setting up: /dev/audio_pipe_effect -> audio:666
  ✓ Permissions set to 666
  ✓ Group ownership set to audio
Setting up: /dev/audio_pipe_bthal -> audio:666
  ✓ Permissions set to 666
  ✓ Group ownership set to audio
Setting up: /dev/audio_pipe_voice -> audio:666
  ✓ Permissions set to 666
  ✓ Group ownership set to audio
Setting up: /dev/audio_pipe_recordproc -> audio:666
  ✓ Permissions set to 666
  ✓ Group ownership set to audio
Setting up: /dev/snd/comprC0D11 -> audio:666
  ✓ Permissions set to 666
  ✓ Group ownership set to audio
Setting up: /dev/snd/comprC0D4 -> audio:666
  ✓ Permissions set to 666
  ✓ Group ownership set to audio
Setting up: /dev/snd/controlC0 -> audio:666
  ✓ Permissions set to 666
  ✓ Group ownership set to audio
Setting up: /dev/snd/pcmC0D0c -> audio:666
  ✓ Permissions set to 666
  ✓ Group ownership set to audio
Setting up: /dev/snd/pcmC0D0p -> audio:666
  ✓ Permissions set to 666
  ✓ Group ownership set to audio
Setting up: /dev/snd/pcmC0D10c -> audio:666
  ✓ Permissions set to 666
  ✓ Group ownership set to audio
Setting up: /dev/snd/pcmC0D10p -> audio:666
  ✓ Permissions set to 666
  ✓ Group ownership set to audio
Setting up: /dev/snd/pcmC0D12p -> audio:666
  ✓ Permissions set to 666
  ✓ Group ownership set to audio
Setting up: /dev/snd/pcmC0D13c -> audio:666
  ✓ Permissions set to 666
  ✓ Group ownership set to audio
Setting up: /dev/snd/pcmC0D14c -> audio:666
  ✓ Permissions set to 666
  ✓ Group ownership set to audio
Setting up: /dev/snd/pcmC0D15p -> audio:666
  ✓ Permissions set to 666
  ✓ Group ownership set to audio
Setting up: /dev/snd/pcmC0D16c -> audio:666
  ✓ Permissions set to 666
  ✓ Group ownership set to audio
Setting up: /dev/snd/pcmC0D17c -> audio:666
  ✓ Permissions set to 666
  ✓ Group ownership set to audio
Setting up: /dev/snd/pcmC0D1c -> audio:666
  ✓ Permissions set to 666
  ✓ Group ownership set to audio
Setting up: /dev/snd/pcmC0D1p -> audio:666
  ✓ Permissions set to 666
  ✓ Group ownership set to audio
Setting up: /dev/snd/pcmC0D2c -> audio:666
  ✓ Permissions set to 666
  ✓ Group ownership set to audio
Setting up: /dev/snd/pcmC0D3p -> audio:666
  ✓ Permissions set to 666
  ✓ Group ownership set to audio
Setting up: /dev/snd/pcmC0D49c -> audio:666
  ✓ Permissions set to 666
  ✓ Group ownership set to audio
Setting up: /dev/snd/pcmC0D49p -> audio:666
  ✓ Permissions set to 666
  ✓ Group ownership set to audio
Setting up: /dev/snd/pcmC0D53p -> audio:666
  ✓ Permissions set to 666
  ✓ Group ownership set to audio
Setting up: /dev/snd/pcmC0D5c -> audio:666
  ✓ Permissions set to 666
  ✓ Group ownership set to audio
Setting up: /dev/snd/pcmC0D5p -> audio:666
  ✓ Permissions set to 666
  ✓ Group ownership set to audio
Setting up: /dev/snd/pcmC0D6c -> audio:666
  ✓ Permissions set to 666
  ✓ Group ownership set to audio
Setting up: /dev/snd/pcmC0D6p -> audio:666
  ✓ Permissions set to 666
  ✓ Group ownership set to audio
Setting up: /dev/snd/pcmC0D7p -> audio:666
  ✓ Permissions set to 666
  ✓ Group ownership set to audio
Setting up: /dev/snd/pcmC0D8c -> audio:666
  ✓ Permissions set to 666
  ✓ Group ownership set to audio
Setting up: /dev/snd/pcmC0D9c -> audio:666
  ✓ Permissions set to 666
  ✓ Group ownership set to audio
Setting up: /dev/snd/timer -> audio:666
  ✓ Permissions set to 666
  ✓ Group ownership set to audio
Setting up: /dev/dri/card0 -> video:666
  ✓ Permissions set to 666
  ✓ Group ownership set to video
Device not found: /dev/dri/renderD128
Setting up: /dev/mali0 -> video:666
  ✓ Permissions set to 666
  ✓ Group ownership set to video
Setting up: /dev/gsp -> video:666
  ✓ Permissions set to 666
  ✓ Group ownership set to video
Setting up: /dev/retrostation_hdmi -> video:666
  ✓ Permissions set to 666
  ✓ Group ownership set to video
Setting up: /dev/sprd_vsp -> video:666
  ✓ Permissions set to 666
  ✓ Group ownership set to video
Setting up: /dev/sprd_jpg -> video:666
  ✓ Permissions set to 666
  ✓ Group ownership set to video
Setting up: /dev/sprd_cpp -> video:666
  ✓ Permissions set to 666
  ✓ Group ownership set to video
Setting up: /dev/vdsp0 -> video:666
  ✓ Permissions set to 666
  ✓ Group ownership set to video
Setting up: /dev/video0 -> video:666
  ✓ Permissions set to 666
  ✓ Group ownership set to video
Setting up: /dev/video1 -> video:666
  ✓ Permissions set to 666
  ✓ Group ownership set to video
Setting up: /dev/video2 -> video:666
  ✓ Permissions set to 666
  ✓ Group ownership set to video
Setting up: /dev/video3 -> video:666
  ✓ Permissions set to 666
  ✓ Group ownership set to video
Setting up: /dev/video4 -> video:666
  ✓ Permissions set to 666
  ✓ Group ownership set to video
Setting up: /dev/video5 -> video:666
  ✓ Permissions set to 666
  ✓ Group ownership set to video
Setting up: /dev/video6 -> video:666
  ✓ Permissions set to 666
  ✓ Group ownership set to video
Setting up: /dev/video7 -> video:666
  ✓ Permissions set to 666
  ✓ Group ownership set to video
Setting up: /dev/video8 -> video:666
  ✓ Permissions set to 666
  ✓ Group ownership set to video
Setting up: /dev/video9 -> video:666
  ✓ Permissions set to 666
  ✓ Group ownership set to video
Setting up: /dev/video10 -> video:666
  ✓ Permissions set to 666
  ✓ Group ownership set to video
Setting up: /dev/video11 -> video:666
  ✓ Permissions set to 666
  ✓ Group ownership set to video
Setting up: /dev/video12 -> video:666
  ✓ Permissions set to 666
  ✓ Group ownership set to video
Setting up: /dev/video13 -> video:666
  ✓ Permissions set to 666
  ✓ Group ownership set to video
Setting up: /dev/video14 -> video:666
  ✓ Permissions set to 666
  ✓ Group ownership set to video
Setting up: /dev/video15 -> video:666
  ✓ Permissions set to 666
  ✓ Group ownership set to video
Setting up: /dev/media0 -> video:666
  ✓ Permissions set to 666
  ✓ Group ownership set to video
Setting up: /dev/media1 -> video:666
  ✓ Permissions set to 666
  ✓ Group ownership set to video
Setting up: /dev/media2 -> video:666
  ✓ Permissions set to 666
  ✓ Group ownership set to video
Setting up: /dev/media3 -> video:666
  ✓ Permissions set to 666
  ✓ Group ownership set to video
Setting up: /dev/v4l-subdev0 -> video:666
  ✓ Permissions set to 666
  ✓ Group ownership set to video
Setting up: /dev/v4l-subdev1 -> video:666
  ✓ Permissions set to 666
  ✓ Group ownership set to video
Setting up: /dev/v4l-subdev2 -> video:666
  ✓ Permissions set to 666
  ✓ Group ownership set to video
Setting up: /dev/v4l-subdev3 -> video:666
  ✓ Permissions set to 666
  ✓ Group ownership set to video
Setting up: /dev/v4l-subdev4 -> video:666
  ✓ Permissions set to 666
  ✓ Group ownership set to video
Setting up: /dev/v4l-subdev5 -> video:666
  ✓ Permissions set to 666
  ✓ Group ownership set to video
Setting up: /dev/v4l-subdev6 -> video:666
  ✓ Permissions set to 666
  ✓ Group ownership set to video
Setting up: /dev/v4l-subdev7 -> video:666
  ✓ Permissions set to 666
  ✓ Group ownership set to video
Setting up: /dev/input/event0 -> input:666
  ✓ Permissions set to 666
  ✓ Group ownership set to input
Setting up: /dev/input/event1 -> input:666
  ✓ Permissions set to 666
  ✓ Group ownership set to input
Setting up: /dev/input/event2 -> input:666
  ✓ Permissions set to 666
  ✓ Group ownership set to input
Setting up: /dev/input/event3 -> input:666
  ✓ Permissions set to 666
  ✓ Group ownership set to input
Setting up: /dev/input/event4 -> input:666
  ✓ Permissions set to 666
  ✓ Group ownership set to input
Setting up: /dev/input/event5 -> input:666
  ✓ Permissions set to 666
  ✓ Group ownership set to input
Setting up: /dev/input/event6 -> input:666
  ✓ Permissions set to 666
  ✓ Group ownership set to input
Setting up: /dev/input/js0 -> input:666
  ✓ Permissions set to 666
  ✓ Group ownership set to input
Setting up: /dev/input/mice -> input:666
  ✓ Permissions set to 666
  ✓ Group ownership set to input
Setting up: /dev/uinput -> input:666
  ✓ Permissions set to 666
  ✓ Group ownership set to input
Setting up: /dev/uhid -> input:666
  ✓ Permissions set to 666
  ✓ Group ownership set to input
Setting up: /dev/gpiochip0 -> sys:666
  ✓ Permissions set to 666
  ✓ Group ownership set to sys
Setting up: /dev/gpiochip1 -> sys:666
  ✓ Permissions set to 666
  ✓ Group ownership set to sys
Setting up: /dev/gpiochip2 -> sys:666
  ✓ Permissions set to 666
  ✓ Group ownership set to sys
Setting up: /dev/gpiochip3 -> sys:666
  ✓ Permissions set to 666
  ✓ Group ownership set to sys
Setting up: /dev/gpiochip4 -> sys:666
  ✓ Permissions set to 666
  ✓ Group ownership set to sys
Setting up: /dev/gpiochip5 -> sys:666
  ✓ Permissions set to 666
  ✓ Group ownership set to sys
Setting up: /dev/i2c-0 -> sys:666
  ✓ Permissions set to 666
  ✓ Group ownership set to sys
Setting up: /dev/i2c-1 -> sys:666
  ✓ Permissions set to 666
  ✓ Group ownership set to sys
Setting up: /dev/i2c-2 -> sys:666
  ✓ Permissions set to 666
  ✓ Group ownership set to sys
Setting up: /dev/i2c-3 -> sys:666
  ✓ Permissions set to 666
  ✓ Group ownership set to sys
Setting up: /dev/i2c-4 -> sys:666
  ✓ Permissions set to 666
  ✓ Group ownership set to sys
Setting up: /dev/i2c-5 -> sys:666
  ✓ Permissions set to 666
  ✓ Group ownership set to sys
Setting up: /dev/iio:device0 -> sys:666
  ✓ Permissions set to 666
  ✓ Group ownership set to sys
Setting up: /dev/iio:device1 -> sys:666
  ✓ Permissions set to 666
  ✓ Group ownership set to sys
Setting up: /dev/sprd_sensor -> sys:666
  ✓ Permissions set to 666
  ✓ Group ownership set to sys
Setting up: /dev/sprd_flash -> video:666
  ✓ Permissions set to 666
  ✓ Group ownership set to video
Setting up: /dev/rtc0 -> sys:666
  ✓ Permissions set to 666
  ✓ Group ownership set to sys
Setting up: /dev/ashmem -> mem:666
  ✓ Permissions set to 666
  ✓ Group ownership set to mem
Setting up: /dev/ashmem -> mem:666
  ✓ Permissions set to 666
  ✓ Group ownership set to mem
Setting up: /dev/ashmem7aafa831-435b-4721-8a93-54f14d01b1f7 -> mem:666
  ✓ Permissions set to 666
  ✓ Group ownership set to mem
Setting up: /dev/ion -> mem:666
  ✓ Permissions set to 666
  ✓ Group ownership set to mem
Setting up: /dev/wcn -> netdev:666
  ✓ Permissions set to 666
  ✓ Group ownership set to netdev
Setting up: /dev/wcn_op -> netdev:666
  ✓ Permissions set to 666
  ✓ Group ownership set to netdev
Setting up: /dev/fm -> netdev:666
  ✓ Permissions set to 666
  ✓ Group ownership set to netdev
Setting up: /dev/gnss_dbg -> sys:666
  ✓ Permissions set to 666
  ✓ Group ownership set to sys
Setting up: /dev/gnss_common_ctl -> sys:666
  ✓ Permissions set to 666
  ✓ Group ownership set to sys
Setting up: /dev/gnss_pmnotify_ctl -> sys:666
  ✓ Permissions set to 666
  ✓ Group ownership set to sys
Setting up: /dev/data0_gnss -> sys:666
  ✓ Permissions set to 666
  ✓ Group ownership set to sys
Setting up: /dev/slog_gnss -> adm:664
  ✓ Permissions set to 664
  ✓ Group ownership set to adm
Setting up: /dev/slog_pm -> adm:664
  ✓ Permissions set to 664
  ✓ Group ownership set to adm
Setting up: /dev/slog_lte -> adm:664
  ✓ Permissions set to 664
  ✓ Group ownership set to adm
Setting up: /dev/slog_wcn0 -> adm:664
  ✓ Permissions set to 664
  ✓ Group ownership set to adm
Setting up: /dev/slog_wcn1 -> adm:664
  ✓ Permissions set to 664
  ✓ Group ownership set to adm
Setting up: /dev/spipe_pm0 -> sys:666
  ✓ Permissions set to 666
  ✓ Group ownership set to sys
Setting up: /dev/spipe_pm1 -> sys:666
  ✓ Permissions set to 666
  ✓ Group ownership set to sys
Setting up: /dev/sctl_pm -> sys:666
  ✓ Permissions set to 666
  ✓ Group ownership set to sys
Setting up: /dev/cptl -> sys:666
  ✓ Permissions set to 666
  ✓ Group ownership set to sys
Setting up: /dev/sprd_uid -> sys:666
  ✓ Permissions set to 666
  ✓ Group ownership set to sys
Setting up: /dev/autotest0 -> sys:666
  ✓ Permissions set to 666
  ✓ Group ownership set to sys
Setting up: /dev/map_user -> sys:666
  ✓ Permissions set to 666
  ✓ Group ownership set to sys
Setting up: /dev/fuse -> users:666
  ✓ Permissions set to 666
  ✓ Group ownership set to users
Setting up: /dev/ptmx -> tty:666
  ✓ Permissions set to 666
  ✓ Group ownership set to tty
Setting up: /dev/kmsg -> adm:644
  ✓ Permissions set to 644
  ✓ Group ownership set to adm
Setting up block devices...
Setting up: /dev/block/mmcblk0 -> disk:640
  ✓ Permissions set to 640
  ✓ Group ownership set to disk
Setting up: /dev/block/mmcblk1 -> disk:666
  ✓ Permissions set to 666
  ✓ Group ownership set to disk
Setting up: /dev/block/mmcblk0p1 -> disk:666
  ✓ Permissions set to 666
  ✓ Group ownership set to disk
Setting up: /dev/block/mmcblk0p2 -> disk:666
  ✓ Permissions set to 666
  ✓ Group ownership set to disk
Setting up: /dev/block/mmcblk0p3 -> disk:666
  ✓ Permissions set to 666
  ✓ Group ownership set to disk
Setting up: /dev/block/mmcblk0p4 -> disk:666
  ✓ Permissions set to 666
  ✓ Group ownership set to disk
Setting up: /dev/block/mmcblk0p5 -> disk:666
  ✓ Permissions set to 666
  ✓ Group ownership set to disk
Setting up: /dev/block/mmcblk0p6 -> disk:666
  ✓ Permissions set to 666
  ✓ Group ownership set to disk
Setting up: /dev/block/mmcblk0p7 -> disk:666
  ✓ Permissions set to 666
  ✓ Group ownership set to disk
Setting up: /dev/block/mmcblk0p8 -> disk:666
  ✓ Permissions set to 666
  ✓ Group ownership set to disk
Setting up: /dev/block/mmcblk0p9 -> disk:666
  ✓ Permissions set to 666
  ✓ Group ownership set to disk
Setting up: /dev/block/mmcblk0p10 -> disk:666
  ✓ Permissions set to 666
  ✓ Group ownership set to disk
Setting up: /dev/block/mmcblk0p11 -> disk:666
  ✓ Permissions set to 666
  ✓ Group ownership set to disk
Setting up: /dev/block/mmcblk0p12 -> disk:666
  ✓ Permissions set to 666
  ✓ Group ownership set to disk
Setting up: /dev/block/mmcblk0p13 -> disk:666
  ✓ Permissions set to 666
  ✓ Group ownership set to disk
Setting up: /dev/block/mmcblk0p14 -> disk:666
  ✓ Permissions set to 666
  ✓ Group ownership set to disk
Setting up: /dev/block/mmcblk0p15 -> disk:666
  ✓ Permissions set to 666
  ✓ Group ownership set to disk
Setting up: /dev/block/mmcblk0p16 -> disk:666
  ✓ Permissions set to 666
  ✓ Group ownership set to disk
Setting up: /dev/block/mmcblk0p17 -> disk:666
  ✓ Permissions set to 666
  ✓ Group ownership set to disk
Setting up: /dev/block/mmcblk0p18 -> disk:666
  ✓ Permissions set to 666
  ✓ Group ownership set to disk
Setting up: /dev/block/mmcblk0p19 -> disk:666
  ✓ Permissions set to 666
  ✓ Group ownership set to disk
Setting up: /dev/block/mmcblk0p20 -> disk:666
  ✓ Permissions set to 666
  ✓ Group ownership set to disk
Setting up: /dev/block/mmcblk0p21 -> disk:666
  ✓ Permissions set to 666
  ✓ Group ownership set to disk
Setting up: /dev/block/mmcblk0p22 -> disk:666
  ✓ Permissions set to 666
  ✓ Group ownership set to disk
Setting up: /dev/block/mmcblk0p23 -> disk:666
  ✓ Permissions set to 666
  ✓ Group ownership set to disk
Setting up: /dev/block/mmcblk0p24 -> disk:666
  ✓ Permissions set to 666
  ✓ Group ownership set to disk
Setting up: /dev/block/mmcblk0p25 -> disk:666
  ✓ Permissions set to 666
  ✓ Group ownership set to disk
Setting up: /dev/block/mmcblk0p26 -> disk:666
  ✓ Permissions set to 666
  ✓ Group ownership set to disk
Setting up: /dev/block/mmcblk0p27 -> disk:666
  ✓ Permissions set to 666
  ✓ Group ownership set to disk
Setting up: /dev/block/mmcblk0p28 -> disk:666
  ✓ Permissions set to 666
  ✓ Group ownership set to disk
Setting up: /dev/block/mmcblk0p29 -> disk:666
  ✓ Permissions set to 666
  ✓ Group ownership set to disk
Setting up: /dev/block/mmcblk0p30 -> disk:666
  ✓ Permissions set to 666
  ✓ Group ownership set to disk
Setting up: /dev/block/mmcblk0p31 -> disk:666
  ✓ Permissions set to 666
  ✓ Group ownership set to disk
Setting up: /dev/block/mmcblk0p32 -> disk:666
  ✓ Permissions set to 666
  ✓ Group ownership set to disk
Setting up: /dev/block/mmcblk0p33 -> disk:666
  ✓ Permissions set to 666
  ✓ Group ownership set to disk
Setting up: /dev/block/mmcblk0p34 -> disk:666
  ✓ Permissions set to 666
  ✓ Group ownership set to disk
Setting up: /dev/block/mmcblk0p35 -> disk:666
  ✓ Permissions set to 666
  ✓ Group ownership set to disk
Setting up: /dev/block/mmcblk0p36 -> disk:666
  ✓ Permissions set to 666
  ✓ Group ownership set to disk
Setting up: /dev/block/mmcblk0p37 -> disk:666
  ✓ Permissions set to 666
  ✓ Group ownership set to disk
Setting up: /dev/block/mmcblk0p38 -> disk:666
  ✓ Permissions set to 666
  ✓ Group ownership set to disk
Setting up: /dev/block/mmcblk0p39 -> disk:666
  ✓ Permissions set to 666
  ✓ Group ownership set to disk
Setting up: /dev/block/mmcblk0p40 -> disk:666
  ✓ Permissions set to 666
  ✓ Group ownership set to disk
Setting up: /dev/block/mmcblk0p41 -> disk:666
  ✓ Permissions set to 666
  ✓ Group ownership set to disk
Setting up: /dev/block/mmcblk0p42 -> disk:666
  ✓ Permissions set to 666
  ✓ Group ownership set to disk
Setting up: /dev/block/mmcblk0p43 -> disk:666
  ✓ Permissions set to 666
  ✓ Group ownership set to disk
Setting up: /dev/block/mmcblk0p44 -> disk:666
  ✓ Permissions set to 666
  ✓ Group ownership set to disk
Setting up: /dev/block/mmcblk0p45 -> disk:666
  ✓ Permissions set to 666
  ✓ Group ownership set to disk
Setting up: /dev/block/mmcblk0p46 -> disk:666
  ✓ Permissions set to 666
  ✓ Group ownership set to disk
Setting up: /dev/block/mmcblk0p47 -> disk:666
  ✓ Permissions set to 666
  ✓ Group ownership set to disk
Setting up: /dev/block/mmcblk0p48 -> disk:666
  ✓ Permissions set to 666
  ✓ Group ownership set to disk
Setting up: /dev/block/mmcblk0p49 -> disk:666
  ✓ Permissions set to 666
  ✓ Group ownership set to disk
Setting up: /dev/block/mmcblk0p50 -> disk:666
  ✓ Permissions set to 666
  ✓ Group ownership set to disk
Setting up: /dev/block/mmcblk0p51 -> disk:666
  ✓ Permissions set to 666
  ✓ Group ownership set to disk
Setting up: /dev/block/mmcblk0p52 -> disk:666
  ✓ Permissions set to 666
  ✓ Group ownership set to disk
Setting up: /dev/block/mmcblk0p53 -> disk:666
  ✓ Permissions set to 666
  ✓ Group ownership set to disk
Setting up: /dev/block/mmcblk0p54 -> disk:666
  ✓ Permissions set to 666
  ✓ Group ownership set to disk
Setting up: /dev/block/mmcblk0p55 -> disk:666
  ✓ Permissions set to 666
  ✓ Group ownership set to disk
Setting up: /dev/block/mmcblk0p56 -> disk:666
  ✓ Permissions set to 666
  ✓ Group ownership set to disk
Setting up: /dev/block/mmcblk0p57 -> disk:666
  ✓ Permissions set to 666
  ✓ Group ownership set to disk
Setting up: /dev/block/mmcblk0p58 -> disk:666
  ✓ Permissions set to 666
  ✓ Group ownership set to disk
Setting up: /dev/block/mmcblk0p59 -> disk:666
  ✓ Permissions set to 666
  ✓ Group ownership set to disk
Setting up: /dev/block/mmcblk0p60 -> disk:666
  ✓ Permissions set to 666
  ✓ Group ownership set to disk
Setting up: /dev/block/mmcblk0p61 -> disk:666
  ✓ Permissions set to 666
  ✓ Group ownership set to disk
Setting up: /dev/block/mmcblk0p62 -> disk:666
  ✓ Permissions set to 666
  ✓ Group ownership set to disk
Setting up: /dev/block/mmcblk0p63 -> disk:666
  ✓ Permissions set to 666
  ✓ Group ownership set to disk
Setting up: /dev/block/mmcblk0p64 -> disk:666
  ✓ Permissions set to 666
  ✓ Group ownership set to disk
Setting up: /dev/block/mmcblk0p65 -> disk:666
  ✓ Permissions set to 666
  ✓ Group ownership set to disk
Setting up: /dev/block/mmcblk0p66 -> disk:666
  ✓ Permissions set to 666
  ✓ Group ownership set to disk
Setting up: /dev/block/mmcblk0p67 -> disk:666
  ✓ Permissions set to 666
  ✓ Group ownership set to disk
Setting up: /dev/block/mmcblk0p68 -> disk:666
  ✓ Permissions set to 666
  ✓ Group ownership set to disk
Setting up: /dev/block/mmcblk0p69 -> disk:666
  ✓ Permissions set to 666
  ✓ Group ownership set to disk
Setting up: /dev/block/mmcblk0p70 -> disk:666
  ✓ Permissions set to 666
  ✓ Group ownership set to disk
Setting up: /dev/block/mmcblk0p71 -> disk:666
  ✓ Permissions set to 666
  ✓ Group ownership set to disk
Setting up: /dev/block/mmcblk0p72 -> disk:666
  ✓ Permissions set to 666
  ✓ Group ownership set to disk
Setting up: /dev/block/mmcblk0p73 -> disk:666
  ✓ Permissions set to 666
  ✓ Group ownership set to disk
Setting up: /dev/block/mmcblk0p74 -> disk:666
  ✓ Permissions set to 666
  ✓ Group ownership set to disk
Setting up: /dev/block/mmcblk0p75 -> disk:666
  ✓ Permissions set to 666
  ✓ Group ownership set to disk
Setting up: /dev/block/mmcblk0p76 -> disk:666
  ✓ Permissions set to 666
  ✓ Group ownership set to disk
Setting up: /dev/block/mmcblk0p77 -> disk:666
  ✓ Permissions set to 666
  ✓ Group ownership set to disk
Setting up: /dev/binder -> root:666
chmod: cannot operate on dangling symlink '/dev/binder'
  ✓ Permissions set to 666
chgrp: cannot dereference '/dev/binder': No such file or directory
  ✓ Group ownership set to root
Setting up: /dev/hwbinder -> root:666
chmod: cannot operate on dangling symlink '/dev/hwbinder'
  ✓ Permissions set to 666
chgrp: cannot dereference '/dev/hwbinder': No such file or directory
  ✓ Group ownership set to root
Setting up: /dev/vndbinder -> root:666
chmod: cannot operate on dangling symlink '/dev/vndbinder'
  ✓ Permissions set to 666
chgrp: cannot dereference '/dev/vndbinder': No such file or directory
  ✓ Group ownership set to root
Adding p3plus to essential device access groups...
User p3plus already in group root
User p3plus already in group audio
User p3plus already in group video
Adding p3plus to group: input
✓ User p3plus added to group input
User p3plus already in group dialout
Adding p3plus to group: plugdev
✓ User p3plus added to group plugdev
User p3plus already in group netdev
Adding p3plus to group: bluetooth
✓ User p3plus added to group bluetooth
User p3plus already in group disk
User p3plus already in group tty
User p3plus already in group adm
Adding p3plus to group: sudo
✓ User p3plus added to group sudo
User p3plus already in group users
Adding p3plus to group: render
✓ User p3plus added to group render
User p3plus already in group kvm
User p3plus already in group render
=========================================
Device setup completed: Sat Nov  8 00:45:31 UTC 2025
Devices processed: 1420
Successful operations: 2950
Failed operations: 0
0
Log saved to: /data/dev-nodes-logs.log
=========================================
Current groups for user p3plus:
p3plus : p3plus root daemon bin sys adm tty disk lp mail news uucp man kmem dialout cdrom floppy tape sudo audio utmp video plugdev games users nogroup input kvm render netdev bluetooth avahi mem wheel cron console ftp sshd at readproc squid gdm xfs named mysql postgres cdrw apache nut usb vpopmail ntp nofiles qmail postfix postdrop smmsp slocate abuild nobody

Setup complete. Please log out and log back in for group changes to take effect.
Run 'cat /data/dev-nodes-logs.log' to review the complete setup log.
[2025-11-07 19:45:31] ✓ Device setup completed
[2025-11-07 19:45:31] === Testing installation ===
Chroot test successful
[2025-11-07 19:45:31] ✓ Chroot works
[2025-11-07 19:45:31] ✓ UNISOC script exists
[2025-11-07 19:45:31] ✓ /dev/null works
uid=1000(p3plus) gid=1000(p3plus) groups=1000(p3plus),0(root),1(daemon),2(bin),3(sys),4(adm),5(tty),6(disk),7(lp),8(mail),9(news),10(uucp),12(man),15(kmem),20(dialout),24(cdrom),25(floppy),26(tape),27(sudo),29(audio),43(utmp),44(video),46(plugdev),60(games),100(users),65534(nogroup),995(input),992(kvm),991(render),108(netdev),111(bluetooth),114(avahi),1001(mem),1002(wheel),1003(cron),1004(console),1005(ftp),1006(sshd),1007(at),1008(readproc),1009(squid),1010(gdm),1011(xfs),1012(named),1013(mysql),1014(postgres),1015(cdrw),1016(apache),1017(nut),1018(usb),1019(vpopmail),1020(ntp),1021(nofiles),1022(qmail),1023(postfix),1024(postdrop),1025(smmsp),1026(slocate),1027(abuild),1028(nobody)
[2025-11-07 19:45:31] ✓ User p3plus exists
nameserver 1.1.1.1
nameserver 8.8.8.8
[2025-11-07 19:45:31] ✓ DNS configured
[2025-11-07 19:45:31] ✓ /data is writable
[2025-11-07 19:45:31] ✓ Testing completed
[2025-11-07 19:45:31] === Creating persistent mount script ===
[2025-11-07 19:45:31] ✓ Persistent mount script created
[2025-11-07 19:45:32] 
[2025-11-07 19:45:32] === Setup Complete ===
[2025-11-07 19:45:32] Debian: /data/linuxdata/debian-chroot
[2025-11-07 19:45:32] Log: /storage/3454-7DC4/debian_setup.log
[2025-11-07 19:45:32] Mesa GPU: Panfrost (Mali) support enabled
[2025-11-07 19:45:32] 
[2025-11-07 19:45:32] To enter Debian:
[2025-11-07 19:45:32]   chroot /data/linuxdata/debian-chroot /bin/bash
[2025-11-07 19:45:32] Or as p3plus:
[2025-11-07 19:45:32]   chroot /data/linuxdata/debian-chroot /bin/su - p3plus
[2025-11-07 19:45:32] 
[2025-11-07 19:45:32] GPU Environment variables set in /etc/environment:
[2025-11-07 19:45:32]   GALLIUM_DRIVER=panfrost
[2025-11-07 19:45:32]   LIBGL_DRIVERS_PATH=/usr/local/lib/aarch64-linux-gnu/dri
