00:45:18 - === Starting Hardware Device Configuration ===
00:45:18 - Configuring UNISOC LTE Pipe Devices...
00:45:18 -   ✓ Configured: /dev/spipe_lte0
00:45:18 -   ✓ Configured: /dev/spipe_lte1
00:45:18 -   ✓ Configured: /dev/spipe_lte10
00:45:18 -   ✓ Configured: /dev/spipe_lte11
00:45:18 -   ✓ Configured: /dev/spipe_lte12
00:45:18 -   ✓ Configured: /dev/spipe_lte13
00:45:18 -   ✓ Configured: /dev/spipe_lte14
00:45:18 -   ✓ Configured: /dev/spipe_lte2
00:45:18 -   ✓ Configured: /dev/spipe_lte3
00:45:18 -   ✓ Configured: /dev/spipe_lte4
00:45:18 -   ✓ Configured: /dev/spipe_lte5
00:45:18 -   ✓ Configured: /dev/spipe_lte6
00:45:18 -   ✓ Configured: /dev/spipe_lte7
00:45:18 -   ✓ Configured: /dev/spipe_lte8
00:45:18 -   ✓ Configured: /dev/spipe_lte9
00:45:18 -   Total configured: 15
00:45:18 - Configuring UNISOC LTE TTY Devices...
00:45:18 -   ✓ Configured: /dev/stty_lte0
00:45:18 -   ✓ Configured: /dev/stty_lte1
00:45:18 -   ✓ Configured: /dev/stty_lte10
00:45:18 -   ✓ Configured: /dev/stty_lte11
00:45:18 -   ✓ Configured: /dev/stty_lte12
00:45:18 -   ✓ Configured: /dev/stty_lte13
00:45:18 -   ✓ Configured: /dev/stty_lte14
00:45:18 -   ✓ Configured: /dev/stty_lte15
00:45:18 -   ✓ Configured: /dev/stty_lte16
00:45:18 -   ✓ Configured: /dev/stty_lte17
00:45:18 -   ✓ Configured: /dev/stty_lte18
00:45:18 -   ✓ Configured: /dev/stty_lte19
00:45:18 -   ✓ Configured: /dev/stty_lte2
00:45:18 -   ✓ Configured: /dev/stty_lte20
00:45:18 -   ✓ Configured: /dev/stty_lte21
00:45:18 -   ✓ Configured: /dev/stty_lte22
00:45:18 -   ✓ Configured: /dev/stty_lte23
00:45:18 -   ✓ Configured: /dev/stty_lte24
00:45:18 -   ✓ Configured: /dev/stty_lte25
00:45:18 -   ✓ Configured: /dev/stty_lte26
00:45:18 -   ✓ Configured: /dev/stty_lte27
00:45:18 -   ✓ Configured: /dev/stty_lte28
00:45:18 -   ✓ Configured: /dev/stty_lte29
00:45:18 -   ✓ Configured: /dev/stty_lte3
00:45:18 -   ✓ Configured: /dev/stty_lte30
00:45:18 -   ✓ Configured: /dev/stty_lte31
00:45:18 -   ✓ Configured: /dev/stty_lte4
00:45:18 -   ✓ Configured: /dev/stty_lte5
00:45:18 -   ✓ Configured: /dev/stty_lte6
00:45:18 -   ✓ Configured: /dev/stty_lte7
00:45:18 -   ✓ Configured: /dev/stty_lte8
00:45:18 -   ✓ Configured: /dev/stty_lte9
00:45:18 -   Total configured: 32
00:45:18 - Configuring UNISOC Log Devices...
00:45:18 -   ✓ Configured: /dev/slog_gnss
00:45:18 -   ✓ Configured: /dev/slog_lte
00:45:18 -   ✓ Configured: /dev/slog_pm
00:45:18 -   ✓ Configured: /dev/slog_wcn0
00:45:18 -   ✓ Configured: /dev/slog_wcn1
00:45:18 -   Total configured: 5
00:45:18 -   ✓ Configured: /dev/sdiag_lte
00:45:18 - Configuring UNISOC Power Management Pipes...
00:45:18 -   ✓ Configured: /dev/spipe_pm0
00:45:18 -   ✓ Configured: /dev/spipe_pm1
00:45:18 -   Total configured: 2
00:45:18 -   ✓ Configured: /dev/sctl_pm
00:45:18 - Configuring TTY Gadget Serial Devices...
00:45:18 -   ✓ Configured: /dev/ttyGS0
00:45:18 -   ✓ Configured: /dev/ttyGS1
00:45:18 -   ✓ Configured: /dev/ttyGS2
00:45:18 -   ✓ Configured: /dev/ttyGS3
00:45:18 -   ✓ Configured: /dev/ttyGS4
00:45:18 -   ✓ Configured: /dev/ttyGS5
00:45:18 -   ✓ Configured: /dev/ttyGS6
00:45:18 -   ✓ Configured: /dev/ttyGS7
00:45:18 -   Total TTY gadget devices configured: 8
00:45:18 - Configuring Standard Serial Devices...
00:45:18 -   ✓ Configured: /dev/ttyS1
00:45:18 - Configuring GPIO Controller Devices...
00:45:18 -   ✓ Configured: /dev/gpiochip0
00:45:18 -   ✓ Configured: /dev/gpiochip1
00:45:18 -   ✓ Configured: /dev/gpiochip2
00:45:18 -   ✓ Configured: /dev/gpiochip3
00:45:18 -   ✓ Configured: /dev/gpiochip4
00:45:18 -   ✓ Configured: /dev/gpiochip5
00:45:18 -   Total GPIO devices configured: 6
00:45:18 - Configuring I2C Bus Devices...
00:45:18 -   ✓ Configured: /dev/i2c-0
00:45:18 -   ✓ Configured: /dev/i2c-1
00:45:18 -   ✓ Configured: /dev/i2c-2
00:45:18 -   ✓ Configured: /dev/i2c-3
00:45:18 -   ✓ Configured: /dev/i2c-4
00:45:18 -   ✓ Configured: /dev/i2c-5
00:45:18 -   Total I2C devices configured: 6
00:45:18 - Configuring IIO Sensor Devices...
00:45:18 -   ✓ Configured: /dev/iio:device0
00:45:18 -   ✓ Configured: /dev/iio:device1
00:45:18 - Configuring Input Devices...
00:45:18 -   ✓ Configured: /dev/input/event0
00:45:18 -   ✓ Configured: /dev/input/event1
00:45:18 -   ✓ Configured: /dev/input/event2
00:45:18 -   ✓ Configured: /dev/input/event3
00:45:18 -   ✓ Configured: /dev/input/event4
00:45:18 -   ✓ Configured: /dev/input/event5
00:45:18 -   ✓ Configured: /dev/input/event6
00:45:18 -   ✓ Configured: /dev/input/js0
00:45:18 -   ✓ Configured: /dev/input/mice
00:45:18 -   Total input devices configured: 9
00:45:18 - Configuring ALSA Audio Devices...
00:45:18 -   ✓ Configured: /dev/snd/comprC0D11
00:45:18 -   ✓ Configured: /dev/snd/comprC0D4
00:45:18 -   ✓ Configured: /dev/snd/controlC0
00:45:18 -   ✓ Configured: /dev/snd/pcmC0D0c
00:45:18 -   ✓ Configured: /dev/snd/pcmC0D0p
00:45:18 -   ✓ Configured: /dev/snd/pcmC0D10c
00:45:18 -   ✓ Configured: /dev/snd/pcmC0D10p
00:45:18 -   ✓ Configured: /dev/snd/pcmC0D12p
00:45:18 -   ✓ Configured: /dev/snd/pcmC0D13c
00:45:18 -   ✓ Configured: /dev/snd/pcmC0D14c
00:45:18 -   ✓ Configured: /dev/snd/pcmC0D15p
00:45:18 -   ✓ Configured: /dev/snd/pcmC0D16c
00:45:18 -   ✓ Configured: /dev/snd/pcmC0D17c
00:45:18 -   ✓ Configured: /dev/snd/pcmC0D1c
00:45:18 -   ✓ Configured: /dev/snd/pcmC0D1p
00:45:18 -   ✓ Configured: /dev/snd/pcmC0D2c
00:45:18 -   ✓ Configured: /dev/snd/pcmC0D3p
00:45:18 -   ✓ Configured: /dev/snd/pcmC0D49c
00:45:18 -   ✓ Configured: /dev/snd/pcmC0D49p
00:45:18 -   ✓ Configured: /dev/snd/pcmC0D53p
00:45:18 -   ✓ Configured: /dev/snd/pcmC0D5c
00:45:18 -   ✓ Configured: /dev/snd/pcmC0D5p
00:45:18 -   ✓ Configured: /dev/snd/pcmC0D6c
00:45:18 -   ✓ Configured: /dev/snd/pcmC0D6p
00:45:18 -   ✓ Configured: /dev/snd/pcmC0D7p
00:45:18 -   ✓ Configured: /dev/snd/pcmC0D8c
00:45:18 -   ✓ Configured: /dev/snd/pcmC0D9c
00:45:18 -   ✓ Configured: /dev/snd/timer
00:45:18 -   Total audio devices configured: 28
00:45:18 - Configuring Graphics Devices...
00:45:18 -   ✓ Configured: /dev/dri/card0
00:45:18 - Configuring USB Devices...
00:45:18 -   ✓ Configured: /dev/bus/usb/001/001
00:45:18 -   Total USB devices configured: 1
00:45:18 -   ✓ Configured: /dev/rtc0
00:45:18 - Configuring Wireless/Cellular Devices...
00:45:18 -   ✓ Configured: /dev/wcn
00:45:18 -   ✓ Configured: /dev/wcn_op
00:45:18 - Configuring GNSS Devices...
00:45:18 -   ✓ Configured: /dev/gnss_dbg
00:45:18 -   ✓ Configured: /dev/gnss_common_ctl
00:45:18 -   ✓ Configured: /dev/gnss_pmnotify_ctl
00:45:18 -   ✓ Configured: /dev/data0_gnss
00:45:18 - Configuring Audio Pipe Devices...
00:45:19 - Configuring Audio Pipe Devices...
00:45:19 -   ✓ Configured: /dev/audio_pipe_bthal
00:45:19 -   ✓ Configured: /dev/audio_pipe_effect
00:45:19 -   ✓ Configured: /dev/audio_pipe_recordproc
00:45:19 -   ✓ Configured: /dev/audio_pipe_voice
00:45:19 -   Total configured: 4
00:45:19 - Configuring Spreadtrum/UNISOC Specific Devices...
00:45:19 -   ✓ Configured: /dev/sprd_vsp
00:45:19 -   ✓ Configured: /dev/sprd_jpg
00:45:19 -   ✓ Configured: /dev/sprd_uid
00:45:19 -   ✓ Configured: /dev/sprd_cpp
00:45:19 -   ✓ Configured: /dev/sprd_flash
00:45:19 -   ✓ Configured: /dev/sprd_sensor
00:45:19 -   ✓ Configured: /dev/gsp
00:45:19 -   ✓ Configured: /dev/cptl
00:45:19 -   ✓ Configured: /dev/mali0
00:45:19 -   ✓ Configured: /dev/vdsp0
00:45:19 - === Initializing Camera GPIOs ===
00:45:19 -   ✓ Exported GPIO 119
00:45:19 -   ✓ Exported GPIO 120
00:45:19 -   ✓ Exported GPIO 121
00:45:19 -   ✓ Exported GPIO 122
00:45:19 -   ✓ Exported GPIO 123
00:45:19 -   ✓ Exported GPIO 124
00:45:19 -   ✓ Exported GPIO 125
00:45:19 -   ✓ Exported GPIO 126
00:45:19 -   Camera GPIO initialization complete
00:45:19 - === Initializing DCAM (Digital Camera Controller) ===
00:45:19 -   ✓ Found DCAM path: /sys/devices/platform/dcam-axi-dvfs
00:45:19 -   ✓ Found DCAM path: /sys/devices/platform/dcam-if-dvfs
00:45:19 - === Initializing V4L2 Camera System ===
00:45:19 -   Loading camera kernel modules...
00:45:19 -   ✓ Module sprd_sensor already loaded
00:45:19 -   ✓ Module sprd_cpp already loaded
00:45:19 -   ⚠ Could not load module: videodev
00:45:20 -   ⚠ Camera platform device not found
00:45:20 -   Triggering V4L2 device enumeration...
00:45:20 -   Creating V4L2 video device nodes...
00:45:20 -     Created: /dev/video0 (major: 81, minor: 0)
00:45:21 -     Created: /dev/video1 (major: 81, minor: 1)
00:45:21 -     Created: /dev/video2 (major: 81, minor: 2)
00:45:21 -     Created: /dev/video3 (major: 81, minor: 3)
00:45:21 -     Created: /dev/video4 (major: 81, minor: 4)
00:45:21 -     Created: /dev/video5 (major: 81, minor: 5)
00:45:21 -     Created: /dev/video6 (major: 81, minor: 6)
00:45:21 -     Created: /dev/video7 (major: 81, minor: 7)
00:45:21 -     Created: /dev/video8 (major: 81, minor: 8)
00:45:21 -     Created: /dev/video9 (major: 81, minor: 9)
00:45:21 -     Created: /dev/video10 (major: 81, minor: 10)
00:45:21 -     Created: /dev/video11 (major: 81, minor: 11)
00:45:21 -     Created: /dev/video12 (major: 81, minor: 12)
00:45:21 -     Created: /dev/video13 (major: 81, minor: 13)
00:45:21 -     Created: /dev/video14 (major: 81, minor: 14)
00:45:21 -     Created: /dev/video15 (major: 81, minor: 15)
00:45:21 -   Creating media controller devices...
00:45:21 -     Created: /dev/media0 (major: 250, minor: 0)
00:45:21 -     Created: /dev/media1 (major: 250, minor: 1)
00:45:21 -     Created: /dev/media2 (major: 250, minor: 2)
00:45:21 -     Created: /dev/media3 (major: 250, minor: 3)
00:45:21 -   Creating V4L2 subdev nodes...
00:45:21 -     Created: /dev/v4l-subdev0 (major: 81, minor: 128)
00:45:21 -     Created: /dev/v4l-subdev1 (major: 81, minor: 129)
00:45:21 -     Created: /dev/v4l-subdev2 (major: 81, minor: 130)
00:45:21 -     Created: /dev/v4l-subdev3 (major: 81, minor: 131)
00:45:21 -     Created: /dev/v4l-subdev4 (major: 81, minor: 132)
00:45:21 -     Created: /dev/v4l-subdev5 (major: 81, minor: 133)
00:45:21 -     Created: /dev/v4l-subdev6 (major: 81, minor: 134)
00:45:21 -     Created: /dev/v4l-subdev7 (major: 81, minor: 135)
00:45:21 -   Triggering udev device update...
00:45:23 -   V4L2 Initialization Summary:
00:45:23 -     Video devices: 16
00:45:23 -     Media devices: 4
00:45:23 -     Subdev devices: 8
00:45:23 -   ✓ V4L2 camera system initialized successfully
00:45:23 - Configuring V4L2 Camera Devices...
00:45:23 -   ✓ Configured: /dev/video0
00:45:23 -   ✓ Configured: /dev/video1
00:45:23 -   ✓ Configured: /dev/video10
00:45:23 -   ✓ Configured: /dev/video11
00:45:23 -   ✓ Configured: /dev/video12
00:45:23 -   ✓ Configured: /dev/video13
00:45:23 -   ✓ Configured: /dev/video14
00:45:23 -   ✓ Configured: /dev/video15
00:45:23 -   ✓ Configured: /dev/video2
00:45:23 -   ✓ Configured: /dev/video3
00:45:23 -   ✓ Configured: /dev/video4
00:45:23 -   ✓ Configured: /dev/video5
00:45:23 -   ✓ Configured: /dev/video6
00:45:23 -   ✓ Configured: /dev/video7
00:45:23 -   ✓ Configured: /dev/video8
00:45:23 -   ✓ Configured: /dev/video9
00:45:23 -   ✓ Configured: /dev/media0
00:45:23 -   ✓ Configured: /dev/media1
00:45:23 -   ✓ Configured: /dev/media2
00:45:23 -   ✓ Configured: /dev/media3
00:45:23 -   ✓ Configured: /dev/v4l-subdev0
00:45:23 -   ✓ Configured: /dev/v4l-subdev1
00:45:23 -   ✓ Configured: /dev/v4l-subdev2
00:45:23 -   ✓ Configured: /dev/v4l-subdev3
00:45:23 -   ✓ Configured: /dev/v4l-subdev4
00:45:23 -   ✓ Configured: /dev/v4l-subdev5
00:45:23 -   ✓ Configured: /dev/v4l-subdev6
00:45:23 -   ✓ Configured: /dev/v4l-subdev7
00:45:23 -   Total V4L2 devices configured: 28
00:45:23 - Configuring Bluetooth Devices...
00:45:23 -   ✓ Configured: /dev/ttyBT0
00:45:23 -   ✓ Configured: /dev/ttyBT1
00:45:23 - Configuring Audio Pipe Command Devices...
00:45:23 -   ✓ Configured: /dev/apipe-cmd-in
00:45:23 -   ✓ Configured: /dev/apipe-cmd-out
00:45:23 -   ✓ Configured: /dev/apipe-pcm
00:45:23 - Configuring RS Communication Devices...
00:45:23 -   ✓ Configured: /dev/rscom
00:45:23 -   ✓ Configured: /dev/rsinput
00:45:23 -   ✓ Configured: /dev/rstouch
00:45:23 - Configuring Special Function Devices...
00:45:23 -   ✓ Configured: /dev/fm
00:45:23 -   ✓ Configured: /dev/autotest0
00:45:23 -   ✓ Configured: /dev/retrostation_hdmi
00:45:23 -   ✓ Configured: /dev/map_user
00:45:23 -   ✓ Configured: /dev/ppp
00:45:23 -   ✓ Configured: /dev/tun
00:45:23 - Configuring Additional System Devices...
00:45:23 -   ✓ Configured: /dev/uhid
00:45:23 -   ✓ Configured: /dev/uinput
00:45:23 -   ✓ Configured: /dev/rfkill
00:45:23 -   ✓ Configured: /dev/fuse
00:45:23 -   ✓ Configured: /dev/ion
00:45:23 -   ✓ Configured: /dev/ashmem
00:45:23 - === Hardware Configuration Completed at Sat Nov  8 00:45:23 UTC 2025 ===

==========================================
UNISOC Hardware Configuration Summary
==========================================
00:45:23 - UNISOC LTE devices: 47
00:45:23 - Serial devices: 9
00:45:23 - GPIO devices: 6
00:45:23 - I2C devices: 6
00:45:23 - Audio devices: 28
00:45:23 - Input devices: 9
00:45:23 - V4L2 video devices: 16
00:45:23 - V4L2 media devices: 4
00:45:23 - V4L2 subdev devices: 8

Full log: /data/unisoc_hardware.log
==========================================
